<?xml version="1.0"?>
<link_info>
   <banner>TMS320C6x Linker PC v7.4.4</banner>
   <copyright>Copyright (c) 1996-2013 Texas Instruments Incorporated</copyright>
   <link_time>0x5cd03db6</link_time>
   <output_file>goldenlab.out</output_file>
   <entry_point>
      <name>_c_int00</name>
      <address>0x1a120</address>
   </entry_point>
   <input_file_list>
      <input_file id="fl-b">
         <path>.\</path>
         <kind>object</kind>
         <file>sin_tables.obj</file>
         <name>sin_tables.obj</name>
      </input_file>
      <input_file id="fl-c">
         <path>.\</path>
         <kind>object</kind>
         <file>rc1_taps.obj</file>
         <name>rc1_taps.obj</name>
      </input_file>
      <input_file id="fl-d">
         <path>.\</path>
         <kind>object</kind>
         <file>pll.obj</file>
         <name>pll.obj</name>
      </input_file>
      <input_file id="fl-e">
         <path>.\</path>
         <kind>object</kind>
         <file>fir.obj</file>
         <name>fir.obj</name>
      </input_file>
      <input_file id="fl-f">
         <path>.\</path>
         <kind>object</kind>
         <file>dsp_top.obj</file>
         <name>dsp_top.obj</name>
      </input_file>
      <input_file id="fl-10">
         <path>.\</path>
         <kind>object</kind>
         <file>dsp_apcfg_c.obj</file>
         <name>dsp_apcfg_c.obj</name>
      </input_file>
      <input_file id="fl-11">
         <path>.\</path>
         <kind>object</kind>
         <file>dsp_apcfg.obj</file>
         <name>dsp_apcfg.obj</name>
      </input_file>
      <input_file id="fl-12">
         <path>.\</path>
         <kind>object</kind>
         <file>dsp_ap.obj</file>
         <name>dsp_ap.obj</name>
      </input_file>
      <input_file id="fl-13">
         <path>.\</path>
         <kind>object</kind>
         <file>delay.obj</file>
         <name>delay.obj</name>
      </input_file>
      <input_file id="fl-92">
         <path>C:\ti\bios_5_42_01_09\packages\ti\bios\lib\</path>
         <kind>archive</kind>
         <file>biosC6000.a67</file>
         <name>clk_htime.o67</name>
      </input_file>
      <input_file id="fl-93">
         <path>C:\ti\bios_5_42_01_09\packages\ti\bios\lib\</path>
         <kind>archive</kind>
         <file>bios.a67</file>
         <name>biosdata.o67</name>
      </input_file>
      <input_file id="fl-94">
         <path>C:\ti\bios_5_42_01_09\packages\ti\bios\lib\</path>
         <kind>archive</kind>
         <file>bios.a67</file>
         <name>hwi_disp_asm.o67</name>
      </input_file>
      <input_file id="fl-95">
         <path>C:\ti\bios_5_42_01_09\packages\ti\bios\lib\</path>
         <kind>archive</kind>
         <file>bios.a67</file>
         <name>idl_stub.o67</name>
      </input_file>
      <input_file id="fl-96">
         <path>C:\ti\bios_5_42_01_09\packages\ti\bios\lib\</path>
         <kind>archive</kind>
         <file>lnkrtdx.a67</file>
         <name>rtdx.o67</name>
      </input_file>
      <input_file id="fl-97">
         <path>C:\ti\bios_5_42_01_09\packages\ti\bios\lib\</path>
         <kind>archive</kind>
         <file>bios.a67</file>
         <name>swi.o67</name>
      </input_file>
      <input_file id="fl-98">
         <path>C:\ti\bios_5_42_01_09\packages\ti\bios\lib\</path>
         <kind>archive</kind>
         <file>bios.a67</file>
         <name>fxn_c.o67</name>
      </input_file>
      <input_file id="fl-99">
         <path>C:\ti\bios_5_42_01_09\packages\ti\bios\lib\</path>
         <kind>archive</kind>
         <file>bios.a67</file>
         <name>gbl_cslpllinit62.o67</name>
      </input_file>
      <input_file id="fl-9a">
         <path>C:\ti\bios_5_42_01_09\packages\ti\bios\lib\</path>
         <kind>archive</kind>
         <file>bios.a67</file>
         <name>knl_tick.o67</name>
      </input_file>
      <input_file id="fl-9b">
         <path>C:\ti\bios_5_42_01_09\packages\ti\bios\lib\</path>
         <kind>archive</kind>
         <file>bios.a67</file>
         <name>utl_doab.o67</name>
      </input_file>
      <input_file id="fl-9c">
         <path>C:\ti\bios_5_42_01_09\packages\ti\bios\lib\</path>
         <kind>archive</kind>
         <file>bios.a67</file>
         <name>utl_doer.o67</name>
      </input_file>
      <input_file id="fl-9d">
         <path>C:\ti\bios_5_42_01_09\packages\ti\bios\lib\</path>
         <kind>archive</kind>
         <file>bios.a67</file>
         <name>utl_putc.o67</name>
      </input_file>
      <input_file id="fl-9e">
         <path>C:\ti\bios_5_42_01_09\packages\ti\bios\lib\</path>
         <kind>archive</kind>
         <file>bios.a67</file>
         <name>utl_halt.o67</name>
      </input_file>
      <input_file id="fl-9f">
         <path>C:\ti\bios_5_42_01_09\packages\ti\bios\lib\</path>
         <kind>archive</kind>
         <file>biosC6000.a67</file>
         <name>clk.o67</name>
      </input_file>
      <input_file id="fl-a0">
         <path>C:\ti\bios_5_42_01_09\packages\ti\bios\lib\</path>
         <kind>archive</kind>
         <file>bios.a67</file>
         <name>fxn.o67</name>
      </input_file>
      <input_file id="fl-a1">
         <path>C:\ti\bios_5_42_01_09\packages\ti\bios\lib\</path>
         <kind>archive</kind>
         <file>bios.a67</file>
         <name>boot.o67</name>
      </input_file>
      <input_file id="fl-a2">
         <path>C:\ti\bios_5_42_01_09\packages\ti\bios\lib\</path>
         <kind>archive</kind>
         <file>bios.a67</file>
         <name>trc.o67</name>
      </input_file>
      <input_file id="fl-a3">
         <path>C:\ti\bios_5_42_01_09\packages\ti\bios\lib\</path>
         <kind>archive</kind>
         <file>bios.a67</file>
         <name>hwi.o67</name>
      </input_file>
      <input_file id="fl-a4">
         <path>C:\ti\bios_5_42_01_09\packages\ti\bios\lib\</path>
         <kind>archive</kind>
         <file>bios.a67</file>
         <name>idl_busy.o67</name>
      </input_file>
      <input_file id="fl-a5">
         <path>C:\ti\bios_5_42_01_09\packages\ti\bios\lib\</path>
         <kind>archive</kind>
         <file>biosC6000.a67</file>
         <name>idl_cal.o67</name>
      </input_file>
      <input_file id="fl-a6">
         <path>C:\ti\bios_5_42_01_09\packages\ti\bios\lib\</path>
         <kind>archive</kind>
         <file>bios.a67</file>
         <name>idl.o67</name>
      </input_file>
      <input_file id="fl-a7">
         <path>C:\ti\bios_5_42_01_09\packages\ti\bios\lib\</path>
         <kind>archive</kind>
         <file>bios.a67</file>
         <name>knl_swit.o67</name>
      </input_file>
      <input_file id="fl-a8">
         <path>C:\ti\bios_5_42_01_09\packages\ti\bios\lib\</path>
         <kind>archive</kind>
         <file>bios.a67</file>
         <name>log.o67</name>
      </input_file>
      <input_file id="fl-a9">
         <path>C:\ti\bios_5_42_01_09\packages\ti\bios\lib\</path>
         <kind>archive</kind>
         <file>bios.a67</file>
         <name>pip.o67</name>
      </input_file>
      <input_file id="fl-aa">
         <path>C:\ti\bios_5_42_01_09\packages\ti\bios\lib\</path>
         <kind>archive</kind>
         <file>bios.a67</file>
         <name>prd.o67</name>
      </input_file>
      <input_file id="fl-ab">
         <path>C:\ti\bios_5_42_01_09\packages\ti\bios\lib\</path>
         <kind>archive</kind>
         <file>bios.a67</file>
         <name>rta.o67</name>
      </input_file>
      <input_file id="fl-ac">
         <path>C:\ti\bios_5_42_01_09\packages\ti\bios\lib\</path>
         <kind>archive</kind>
         <file>bios.a67</file>
         <name>rta_andn.o67</name>
      </input_file>
      <input_file id="fl-ad">
         <path>C:\ti\bios_5_42_01_09\packages\ti\bios\lib\</path>
         <kind>archive</kind>
         <file>bios.a67</file>
         <name>sts.o67</name>
      </input_file>
      <input_file id="fl-ae">
         <path>C:\ti\bios_5_42_01_09\packages\ti\bios\lib\</path>
         <kind>archive</kind>
         <file>bios.a67</file>
         <name>clk_data.o67</name>
      </input_file>
      <input_file id="fl-af">
         <path>C:\ti\bios_5_42_01_09\packages\ti\bios\lib\</path>
         <kind>archive</kind>
         <file>bios.a67</file>
         <name>clk_data2.o67</name>
      </input_file>
      <input_file id="fl-b0">
         <path>C:\ti\bios_5_42_01_09\packages\ti\bios\lib\</path>
         <kind>archive</kind>
         <file>biosC6000.a67</file>
         <name>clk_meas.o67</name>
      </input_file>
      <input_file id="fl-b1">
         <path>C:\ti\bios_5_42_01_09\packages\ti\bios\lib\</path>
         <kind>archive</kind>
         <file>biosC6000.a67</file>
         <name>clk_start.o67</name>
      </input_file>
      <input_file id="fl-b2">
         <path>C:\ti\bios_5_42_01_09\packages\ti\bios\lib\</path>
         <kind>archive</kind>
         <file>biosC6000.a67</file>
         <name>clk_stop.o67</name>
      </input_file>
      <input_file id="fl-b3">
         <path>C:\ti\bios_5_42_01_09\packages\ti\bios\lib\</path>
         <kind>archive</kind>
         <file>bios.a67</file>
         <name>dev_init.o67</name>
      </input_file>
      <input_file id="fl-b4">
         <path>C:\ti\bios_5_42_01_09\packages\ti\bios\lib\</path>
         <kind>archive</kind>
         <file>drivers.a67</file>
         <name>dio_cbDynamic.o67</name>
      </input_file>
      <input_file id="fl-b5">
         <path>C:\ti\bios_5_42_01_09\packages\ti\bios\lib\</path>
         <kind>archive</kind>
         <file>bios.a67</file>
         <name>dev_matc.o67</name>
      </input_file>
      <input_file id="fl-b6">
         <path>C:\ti\bios_5_42_01_09\packages\ti\bios\lib\</path>
         <kind>archive</kind>
         <file>drivers.a67</file>
         <name>dio_cb.o67</name>
      </input_file>
      <input_file id="fl-b7">
         <path>C:\ti\bios_5_42_01_09\packages\ti\bios\lib\</path>
         <kind>archive</kind>
         <file>drivers.a67</file>
         <name>dio.o67</name>
      </input_file>
      <input_file id="fl-b8">
         <path>C:\Users\DSP_Lab\Documents\DSP2019\goldenlab\</path>
         <kind>archive</kind>
         <file>dsk6713_edma_aic23.l67</file>
         <name>dsk6713_edma_aic23.o64</name>
      </input_file>
      <input_file id="fl-b9">
         <path>C:\Users\DSP_Lab\Documents\DSP2019\goldenlab\</path>
         <kind>archive</kind>
         <file>dsk6713_edma_aic23.l67</file>
         <name>aic23.o64</name>
      </input_file>
      <input_file id="fl-ba">
         <path>C:\Users\DSP_Lab\Documents\DSP2019\goldenlab\</path>
         <kind>archive</kind>
         <file>c6x1x_edma_mcbsp.l67</file>
         <name>c6x1x_edma_mcbsp.o62</name>
      </input_file>
      <input_file id="fl-bb">
         <path>C:\ti\bios_5_42_01_09\packages\ti\bios\lib\</path>
         <kind>archive</kind>
         <file>bios.a67</file>
         <name>atm.o67</name>
      </input_file>
      <input_file id="fl-bc">
         <path>C:\ti\C6xCSL\lib_3x\</path>
         <kind>archive</kind>
         <file>csl6713.lib</file>
         <name>csl_cache.obj</name>
      </input_file>
      <input_file id="fl-bd">
         <path>C:\ti\DSK6713\c6000\dsk6713\lib\</path>
         <kind>archive</kind>
         <file>dsk6713bsl.lib</file>
         <name>dsk6713.obj</name>
      </input_file>
      <input_file id="fl-be">
         <path>C:\ti\C6xCSL\lib_3x\</path>
         <kind>archive</kind>
         <file>csl6713.lib</file>
         <name>csl_edma.obj</name>
      </input_file>
      <input_file id="fl-bf">
         <path>C:\ti\C6xCSL\lib_3x\</path>
         <kind>archive</kind>
         <file>csl6713.lib</file>
         <name>csl_edmadsptr.obj</name>
      </input_file>
      <input_file id="fl-c0">
         <path>C:\ti\bios_5_42_01_09\packages\ti\bios\lib\</path>
         <kind>archive</kind>
         <file>bios.a67</file>
         <name>gbl_cslcacheinit.o67</name>
      </input_file>
      <input_file id="fl-c1">
         <path>C:\ti\bios_5_42_01_09\packages\ti\bios\lib\</path>
         <kind>archive</kind>
         <file>bios.a67</file>
         <name>gbl_vers.o67</name>
      </input_file>
      <input_file id="fl-c2">
         <path>C:\ti\bios_5_42_01_09\packages\ti\bios\lib\</path>
         <kind>archive</kind>
         <file>bios.a67</file>
         <name>hwi_c.o67</name>
      </input_file>
      <input_file id="fl-c3">
         <path>C:\ti\bios_5_42_01_09\packages\ti\bios\lib\</path>
         <kind>archive</kind>
         <file>bios.a67</file>
         <name>hwi_disp.o67</name>
      </input_file>
      <input_file id="fl-c4">
         <path>C:\ti\bios_5_42_01_09\packages\ti\bios\lib\</path>
         <kind>archive</kind>
         <file>bios6x1x.a67</file>
         <name>c62_plug.o67</name>
      </input_file>
      <input_file id="fl-c5">
         <path>C:\ti\bios_5_42_01_09\packages\ti\bios\lib\</path>
         <kind>archive</kind>
         <file>bios.a67</file>
         <name>iom_stub.o67</name>
      </input_file>
      <input_file id="fl-c6">
         <path>C:\ti\C6xCSL\lib_3x\</path>
         <kind>archive</kind>
         <file>csl6713.lib</file>
         <name>csl_irq.obj</name>
      </input_file>
      <input_file id="fl-c7">
         <path>C:\ti\bios_5_42_01_09\packages\ti\bios\lib\</path>
         <kind>archive</kind>
         <file>bios.a67</file>
         <name>knl.o67</name>
      </input_file>
      <input_file id="fl-c8">
         <path>C:\ti\bios_5_42_01_09\packages\ti\bios\lib\</path>
         <kind>archive</kind>
         <file>bios.a67</file>
         <name>knl_exit.o67</name>
      </input_file>
      <input_file id="fl-c9">
         <path>C:\ti\bios_5_42_01_09\packages\ti\bios\lib\</path>
         <kind>archive</kind>
         <file>bios.a67</file>
         <name>knl_chec.o67</name>
      </input_file>
      <input_file id="fl-ca">
         <path>C:\ti\bios_5_42_01_09\packages\ti\bios\lib\</path>
         <kind>archive</kind>
         <file>bios.a67</file>
         <name>knl_post.o67</name>
      </input_file>
      <input_file id="fl-cb">
         <path>C:\ti\bios_5_42_01_09\packages\ti\bios\lib\</path>
         <kind>archive</kind>
         <file>bios.a67</file>
         <name>knl_ipos.o67</name>
      </input_file>
      <input_file id="fl-cc">
         <path>C:\ti\bios_5_42_01_09\packages\ti\bios\lib\</path>
         <kind>archive</kind>
         <file>bios.a67</file>
         <name>knl_run.o67</name>
      </input_file>
      <input_file id="fl-cd">
         <path>C:\ti\bios_5_42_01_09\packages\ti\bios\lib\</path>
         <kind>archive</kind>
         <file>bios.a67</file>
         <name>log_printf.o67</name>
      </input_file>
      <input_file id="fl-ce">
         <path>C:\ti\C6xCSL\lib_3x\</path>
         <kind>archive</kind>
         <file>csl6713.lib</file>
         <name>csl_mcbsp.obj</name>
      </input_file>
      <input_file id="fl-cf">
         <path>C:\ti\bios_5_42_01_09\packages\ti\bios\lib\</path>
         <kind>archive</kind>
         <file>bios.a67</file>
         <name>mem_asm.o67</name>
      </input_file>
      <input_file id="fl-d0">
         <path>C:\ti\bios_5_42_01_09\packages\ti\bios\lib\</path>
         <kind>archive</kind>
         <file>bios.a67</file>
         <name>mem_free.o67</name>
      </input_file>
      <input_file id="fl-d1">
         <path>C:\ti\bios_5_42_01_09\packages\ti\bios\lib\</path>
         <kind>archive</kind>
         <file>bios.a67</file>
         <name>mem_init.o67</name>
      </input_file>
      <input_file id="fl-d2">
         <path>C:\ti\bios_5_42_01_09\packages\ti\bios\lib\</path>
         <kind>archive</kind>
         <file>bios.a67</file>
         <name>mem_vall.o67</name>
      </input_file>
      <input_file id="fl-d3">
         <path>C:\ti\bios_5_42_01_09\packages\ti\bios\lib\</path>
         <kind>archive</kind>
         <file>bios.a67</file>
         <name>mem_allo.o67</name>
      </input_file>
      <input_file id="fl-d4">
         <path>C:\ti\bios_5_42_01_09\packages\ti\bios\lib\</path>
         <kind>archive</kind>
         <file>bios.a67</file>
         <name>obj_init.o67</name>
      </input_file>
      <input_file id="fl-d5">
         <path>C:\ti\bios_5_42_01_09\packages\ti\bios\lib\</path>
         <kind>archive</kind>
         <file>bios.a67</file>
         <name>que_get.o67</name>
      </input_file>
      <input_file id="fl-d6">
         <path>C:\ti\bios_5_42_01_09\packages\ti\rtdx\lib\c6000\</path>
         <kind>archive</kind>
         <file>rtdx.lib</file>
         <name>buffer2.o62</name>
      </input_file>
      <input_file id="fl-d7">
         <path>C:\ti\bios_5_42_01_09\packages\ti\rtdx\lib\c6000\</path>
         <kind>archive</kind>
         <file>rtdx.lib</file>
         <name>buffer1.o62</name>
      </input_file>
      <input_file id="fl-d8">
         <path>C:\ti\bios_5_42_01_09\packages\ti\rtdx\lib\c6000\</path>
         <kind>archive</kind>
         <file>rtdx.lib</file>
         <name>intr_tgt.o62</name>
      </input_file>
      <input_file id="fl-d9">
         <path>C:\ti\bios_5_42_01_09\packages\ti\rtdx\lib\c6000\</path>
         <kind>archive</kind>
         <file>rtdx.lib</file>
         <name>rtdx_mon.o62</name>
      </input_file>
      <input_file id="fl-da">
         <path>C:\ti\bios_5_42_01_09\packages\ti\bios\lib\</path>
         <kind>archive</kind>
         <file>sioboth.a67</file>
         <name>sio.o67</name>
      </input_file>
      <input_file id="fl-db">
         <path>C:\ti\bios_5_42_01_09\packages\ti\bios\lib\</path>
         <kind>archive</kind>
         <file>sioboth.a67</file>
         <name>sio_crea.o67</name>
      </input_file>
      <input_file id="fl-dc">
         <path>C:\ti\bios_5_42_01_09\packages\ti\bios\lib\</path>
         <kind>archive</kind>
         <file>bios.a67</file>
         <name>dev_mkfr.o67</name>
      </input_file>
      <input_file id="fl-dd">
         <path>C:\ti\bios_5_42_01_09\packages\ti\bios\lib\</path>
         <kind>archive</kind>
         <file>bios.a67</file>
         <name>obj_crea.o67</name>
      </input_file>
      <input_file id="fl-de">
         <path>C:\ti\bios_5_42_01_09\packages\ti\bios\lib\</path>
         <kind>archive</kind>
         <file>bios.a67</file>
         <name>que_crea.o67</name>
      </input_file>
      <input_file id="fl-df">
         <path>C:\ti\bios_5_42_01_09\packages\ti\bios\lib\</path>
         <kind>archive</kind>
         <file>sioboth.a67</file>
         <name>sio_dele.o67</name>
      </input_file>
      <input_file id="fl-e0">
         <path>C:\ti\bios_5_42_01_09\packages\ti\bios\lib\</path>
         <kind>archive</kind>
         <file>bios.a67</file>
         <name>dev_rmfr.o67</name>
      </input_file>
      <input_file id="fl-e1">
         <path>C:\ti\bios_5_42_01_09\packages\ti\bios\lib\</path>
         <kind>archive</kind>
         <file>bios.a67</file>
         <name>obj_dele.o67</name>
      </input_file>
      <input_file id="fl-e2">
         <path>C:\ti\bios_5_42_01_09\packages\ti\bios\lib\</path>
         <kind>archive</kind>
         <file>sioboth.a67</file>
         <name>sio_issu.o67</name>
      </input_file>
      <input_file id="fl-e3">
         <path>C:\ti\bios_5_42_01_09\packages\ti\bios\lib\</path>
         <kind>archive</kind>
         <file>sioboth.a67</file>
         <name>sio_recl.o67</name>
      </input_file>
      <input_file id="fl-e4">
         <path>C:\ti\bios_5_42_01_09\packages\ti\bios\lib\</path>
         <kind>archive</kind>
         <file>bios.a67</file>
         <name>sts_set.o67</name>
      </input_file>
      <input_file id="fl-e5">
         <path>C:\ti\bios_5_42_01_09\packages\ti\bios\lib\</path>
         <kind>archive</kind>
         <file>bios.a67</file>
         <name>swi_andn.o67</name>
      </input_file>
      <input_file id="fl-e6">
         <path>C:\ti\bios_5_42_01_09\packages\ti\bios\lib\</path>
         <kind>archive</kind>
         <file>bios.a67</file>
         <name>sys_abor.o67</name>
      </input_file>
      <input_file id="fl-e7">
         <path>C:\ti\bios_5_42_01_09\packages\ti\bios\lib\</path>
         <kind>archive</kind>
         <file>bios.a67</file>
         <name>sys_erro.o67</name>
      </input_file>
      <input_file id="fl-e8">
         <path>C:\ti\bios_5_42_01_09\packages\ti\bios\lib\</path>
         <kind>archive</kind>
         <file>bios.a67</file>
         <name>sys_one.o67</name>
      </input_file>
      <input_file id="fl-e9">
         <path>C:\ti\bios_5_42_01_09\packages\ti\bios\lib\</path>
         <kind>archive</kind>
         <file>bios.a67</file>
         <name>tsk.o67</name>
      </input_file>
      <input_file id="fl-ea">
         <path>C:\ti\bios_5_42_01_09\packages\ti\bios\lib\</path>
         <kind>archive</kind>
         <file>bios.a67</file>
         <name>tsk_exit.o67</name>
      </input_file>
      <input_file id="fl-eb">
         <path>C:\ti\bios_5_42_01_09\packages\ti\bios\lib\</path>
         <kind>archive</kind>
         <file>bios.a67</file>
         <name>sys_exit.o67</name>
      </input_file>
      <input_file id="fl-ec">
         <path>C:\ti\bios_5_42_01_09\packages\ti\bios\lib\</path>
         <kind>archive</kind>
         <file>bios.a67</file>
         <name>sys.o67</name>
      </input_file>
      <input_file id="fl-ed">
         <path>C:\ti\bios_5_42_01_09\packages\ti\bios\lib\</path>
         <kind>archive</kind>
         <file>bios.a67</file>
         <name>tsk_init.o67</name>
      </input_file>
      <input_file id="fl-ee">
         <path>C:\ti\bios_5_42_01_09\packages\ti\bios\lib\</path>
         <kind>archive</kind>
         <file>bios.a67</file>
         <name>tsk_setu.o67</name>
      </input_file>
      <input_file id="fl-ef">
         <path>C:\ti\bios_5_42_01_09\packages\ti\bios\lib\</path>
         <kind>archive</kind>
         <file>bios.a67</file>
         <name>tsk_stup.o67</name>
      </input_file>
      <input_file id="fl-f0">
         <path>C:\ti\bios_5_42_01_09\packages\ti\bios\lib\</path>
         <kind>archive</kind>
         <file>bios.a67</file>
         <name>lck.o67</name>
      </input_file>
      <input_file id="fl-f1">
         <path>C:\ti\bios_5_42_01_09\packages\ti\bios\lib\</path>
         <kind>archive</kind>
         <file>bios.a67</file>
         <name>sem_pend_counting.o67</name>
      </input_file>
      <input_file id="fl-f2">
         <path>C:\ti\bios_5_42_01_09\packages\ti\bios\lib\</path>
         <kind>archive</kind>
         <file>bios.a67</file>
         <name>sem_pend.o67</name>
      </input_file>
      <input_file id="fl-f3">
         <path>C:\ti\bios_5_42_01_09\packages\ti\bios\lib\</path>
         <kind>archive</kind>
         <file>bios.a67</file>
         <name>sem_post_asm.o67</name>
      </input_file>
      <input_file id="fl-f4">
         <path>C:\ti\bios_5_42_01_09\packages\ti\bios\lib\</path>
         <kind>archive</kind>
         <file>bios.a67</file>
         <name>sem_post.o67</name>
      </input_file>
      <input_file id="fl-f5">
         <path>C:\ti\bios_5_42_01_09\packages\ti\bios\lib\</path>
         <kind>archive</kind>
         <file>bios.a67</file>
         <name>gbl_setL2CacheMode.o67</name>
      </input_file>
      <input_file id="fl-f6">
         <path>C:\ti\bios_5_42_01_09\packages\ti\bios\lib\</path>
         <kind>archive</kind>
         <file>bios.a67</file>
         <name>sem_dopo.o67</name>
      </input_file>
      <input_file id="fl-f7">
         <path>C:\ti\bios_5_42_01_09\packages\ti\bios\lib\</path>
         <kind>archive</kind>
         <file>bios.a67</file>
         <name>autoinit.o67</name>
      </input_file>
      <input_file id="fl-f8">
         <path>C:\ti\ccsv5\tools\compiler\c6000_7.4.4\lib\</path>
         <kind>archive</kind>
         <file>rts6700.lib</file>
         <name>divd.obj</name>
      </input_file>
      <input_file id="fl-f9">
         <path>C:\ti\ccsv5\tools\compiler\c6000_7.4.4\lib\</path>
         <kind>archive</kind>
         <file>rts6700.lib</file>
         <name>divf.obj</name>
      </input_file>
      <input_file id="fl-fa">
         <path>C:\ti\ccsv5\tools\compiler\c6000_7.4.4\lib\</path>
         <kind>archive</kind>
         <file>rts6700.lib</file>
         <name>divu.obj</name>
      </input_file>
      <input_file id="fl-fb">
         <path>C:\ti\ccsv5\tools\compiler\c6000_7.4.4\lib\</path>
         <kind>archive</kind>
         <file>rts6700.lib</file>
         <name>frcmpyd_div.obj</name>
      </input_file>
      <input_file id="fl-fc">
         <path>C:\ti\ccsv5\tools\compiler\c6000_7.4.4\lib\</path>
         <kind>archive</kind>
         <file>rts6700.lib</file>
         <name>llshift.obj</name>
      </input_file>
      <input_file id="fl-fd">
         <path>C:\ti\ccsv5\tools\compiler\c6000_7.4.4\lib\</path>
         <kind>archive</kind>
         <file>rts6700.lib</file>
         <name>mpyll.obj</name>
      </input_file>
      <input_file id="fl-fe">
         <path>C:\ti\ccsv5\tools\compiler\c6000_7.4.4\lib\</path>
         <kind>archive</kind>
         <file>rts6700.lib</file>
         <name>_lock.obj</name>
      </input_file>
      <input_file id="fl-ff">
         <path>C:\ti\ccsv5\tools\compiler\c6000_7.4.4\lib\</path>
         <kind>archive</kind>
         <file>rts6700.lib</file>
         <name>strasg.obj</name>
      </input_file>
      <input_file id="fl-100">
         <path>C:\ti\ccsv5\tools\compiler\c6000_7.4.4\lib\</path>
         <kind>archive</kind>
         <file>rts6700.lib</file>
         <name>atexit.obj</name>
      </input_file>
      <input_file id="fl-101">
         <path>C:\ti\ccsv5\tools\compiler\c6000_7.4.4\lib\</path>
         <kind>archive</kind>
         <file>rts6700.lib</file>
         <name>sinit.obj</name>
      </input_file>
      <input_file id="fl-102">
         <path>C:\ti\ccsv5\tools\compiler\c6000_7.4.4\lib\</path>
         <kind>archive</kind>
         <file>rts6700.lib</file>
         <name>exit.obj</name>
      </input_file>
      <input_file id="fl-103">
         <path>C:\ti\ccsv5\tools\compiler\c6000_7.4.4\lib\</path>
         <kind>archive</kind>
         <file>rts6700.lib</file>
         <name>cos.obj</name>
      </input_file>
      <input_file id="fl-104">
         <path>C:\ti\ccsv5\tools\compiler\c6000_7.4.4\lib\</path>
         <kind>archive</kind>
         <file>rts6700.lib</file>
         <name>round.obj</name>
      </input_file>
      <input_file id="fl-105">
         <path>C:\ti\ccsv5\tools\compiler\c6000_7.4.4\lib\</path>
         <kind>archive</kind>
         <file>rts6700.lib</file>
         <name>trunc.obj</name>
      </input_file>
      <input_file id="fl-106">
         <path>C:\ti\ccsv5\tools\compiler\c6000_7.4.4\lib\</path>
         <kind>archive</kind>
         <file>rts6700.lib</file>
         <name>floor.obj</name>
      </input_file>
      <input_file id="fl-107">
         <path>C:\ti\ccsv5\tools\compiler\c6000_7.4.4\lib\</path>
         <kind>archive</kind>
         <file>rts6700.lib</file>
         <name>memcpy62.obj</name>
      </input_file>
      <input_file id="fl-108">
         <path>C:\ti\ccsv5\tools\compiler\c6000_7.4.4\lib\</path>
         <kind>archive</kind>
         <file>rts6700.lib</file>
         <name>memset.obj</name>
      </input_file>
      <input_file id="fl-109">
         <path>C:\ti\ccsv5\tools\compiler\c6000_7.4.4\lib\</path>
         <kind>archive</kind>
         <file>rts6700.lib</file>
         <name>modf.obj</name>
      </input_file>
      <input_file id="fl-10a">
         <path>C:\ti\ccsv5\tools\compiler\c6000_7.4.4\lib\</path>
         <kind>archive</kind>
         <file>rts6700.lib</file>
         <name>sin.obj</name>
      </input_file>
   </input_file_list>
   <object_component_list>
      <object_component id="oc-9c">
         <name>.vers</name>
         <load_address>0x0</load_address>
         <run_address>0x0</run_address>
         <size>0x3c</size>
         <input_file_ref idref="fl-11"/>
      </object_component>
      <object_component id="oc-8c">
         <name>.clk</name>
         <uninitialized>true</uninitialized>
         <run_address>0x1bd1c</run_address>
         <size>0x8</size>
         <input_file_ref idref="fl-11"/>
      </object_component>
      <object_component id="oc-7">
         <name>HWI_A_VECS</name>
         <load_address>0x0</load_address>
         <run_address>0x0</run_address>
         <size>0x0</size>
      </object_component>
      <object_component id="oc-91">
         <name>.hwi_vec</name>
         <load_address>0x0</load_address>
         <run_address>0x0</run_address>
         <size>0x200</size>
         <input_file_ref idref="fl-11"/>
      </object_component>
      <object_component id="oc-92">
         <name>.swi</name>
         <uninitialized>true</uninitialized>
         <run_address>0x1bb60</run_address>
         <size>0x58</size>
         <input_file_ref idref="fl-11"/>
      </object_component>
      <object_component id="oc-95">
         <name>.tsk</name>
         <uninitialized>true</uninitialized>
         <run_address>0x1bb00</run_address>
         <size>0x60</size>
         <input_file_ref idref="fl-11"/>
      </object_component>
      <object_component id="oc-98">
         <name>.idl</name>
         <uninitialized>true</uninitialized>
         <run_address>0x1b8f0</run_address>
         <size>0x10</size>
         <input_file_ref idref="fl-11"/>
      </object_component>
      <object_component id="oc-97">
         <name>.idlcal</name>
         <uninitialized>true</uninitialized>
         <run_address>0x1bce4</run_address>
         <size>0x10</size>
         <input_file_ref idref="fl-11"/>
      </object_component>
      <object_component id="oc-5d">
         <name>.bss</name>
         <uninitialized>true</uninitialized>
         <run_address>0x1b54c</run_address>
         <size>0x44</size>
         <input_file_ref idref="fl-11"/>
      </object_component>
      <object_component id="oc-78">
         <name>.bss</name>
         <uninitialized>true</uninitialized>
         <run_address>0x1b5e8</run_address>
         <size>0xc</size>
         <input_file_ref idref="fl-f"/>
      </object_component>
      <object_component id="oc-a0">
         <name>.bss</name>
         <uninitialized>true</uninitialized>
         <run_address>0x1b5dc</run_address>
         <size>0xc</size>
         <input_file_ref idref="fl-12"/>
      </object_component>
      <object_component id="oc-ad">
         <name>.bss</name>
         <uninitialized>true</uninitialized>
         <run_address>0x1b39c</run_address>
         <size>0xcc</size>
         <input_file_ref idref="fl-93"/>
      </object_component>
      <object_component id="oc-af">
         <name>.bss</name>
         <uninitialized>true</uninitialized>
         <run_address>0x1b29c</run_address>
         <size>0x100</size>
         <input_file_ref idref="fl-94"/>
      </object_component>
      <object_component id="oc-b6">
         <name>.bss</name>
         <uninitialized>true</uninitialized>
         <run_address>0x1b5a8</run_address>
         <size>0x18</size>
         <input_file_ref idref="fl-96"/>
      </object_component>
      <object_component id="oc-bc">
         <name>.bss</name>
         <uninitialized>true</uninitialized>
         <run_address>0x1b468</run_address>
         <size>0x9c</size>
         <input_file_ref idref="fl-97"/>
      </object_component>
      <object_component id="oc-ea">
         <name>.bss</name>
         <uninitialized>true</uninitialized>
         <run_address>0x1b590</run_address>
         <size>0x18</size>
         <input_file_ref idref="fl-a3"/>
      </object_component>
      <object_component id="oc-ec">
         <name>.bss</name>
         <uninitialized>true</uninitialized>
         <run_address>0x1b610</run_address>
         <size>0x4</size>
         <input_file_ref idref="fl-a4"/>
      </object_component>
      <object_component id="oc-118">
         <name>.bss</name>
         <uninitialized>true</uninitialized>
         <run_address>0x1b5f4</run_address>
         <size>0x8</size>
         <input_file_ref idref="fl-ae"/>
      </object_component>
      <object_component id="oc-11b">
         <name>.bss</name>
         <uninitialized>true</uninitialized>
         <run_address>0x1b604</run_address>
         <size>0x4</size>
         <input_file_ref idref="fl-af"/>
      </object_component>
      <object_component id="oc-12a">
         <name>.bss</name>
         <uninitialized>true</uninitialized>
         <run_address>0x1b608</run_address>
         <size>0x4</size>
         <input_file_ref idref="fl-b3"/>
      </object_component>
      <object_component id="oc-196">
         <name>.bss</name>
         <uninitialized>true</uninitialized>
         <run_address>0x1b504</run_address>
         <size>0x48</size>
         <input_file_ref idref="fl-c7"/>
      </object_component>
      <object_component id="oc-1b8">
         <name>.bss</name>
         <uninitialized>true</uninitialized>
         <run_address>0x1b614</run_address>
         <size>0x4</size>
         <input_file_ref idref="fl-cf"/>
      </object_component>
      <object_component id="oc-1d8">
         <name>.bss</name>
         <uninitialized>true</uninitialized>
         <run_address>0x1b5c0</run_address>
         <size>0x10</size>
         <input_file_ref idref="fl-d7"/>
      </object_component>
      <object_component id="oc-227">
         <name>.bss</name>
         <uninitialized>true</uninitialized>
         <run_address>0x1b5d0</run_address>
         <size>0xc</size>
         <input_file_ref idref="fl-e9"/>
      </object_component>
      <object_component id="oc-235">
         <name>.bss</name>
         <uninitialized>true</uninitialized>
         <run_address>0x1b5fc</run_address>
         <size>0x8</size>
         <input_file_ref idref="fl-ec"/>
      </object_component>
      <object_component id="oc-25e">
         <name>.bss</name>
         <uninitialized>true</uninitialized>
         <run_address>0x1b60c</run_address>
         <size>0x4</size>
         <input_file_ref idref="fl-f5"/>
      </object_component>
      <object_component id="oc-66">
         <name>.far</name>
         <uninitialized>true</uninitialized>
         <run_address>0x15480</run_address>
         <size>0x1000</size>
         <input_file_ref idref="fl-b"/>
      </object_component>
      <object_component id="oc-6c">
         <name>.far</name>
         <uninitialized>true</uninitialized>
         <run_address>0x16cbc</run_address>
         <size>0x204</size>
         <input_file_ref idref="fl-c"/>
      </object_component>
      <object_component id="oc-7b">
         <name>.far</name>
         <uninitialized>true</uninitialized>
         <run_address>0x16480</run_address>
         <size>0x83c</size>
         <input_file_ref idref="fl-f"/>
      </object_component>
      <object_component id="oc-c9">
         <name>.far</name>
         <uninitialized>true</uninitialized>
         <run_address>0x176f0</run_address>
         <size>0x10</size>
         <input_file_ref idref="fl-9a"/>
      </object_component>
      <object_component id="oc-d6">
         <name>.far</name>
         <uninitialized>true</uninitialized>
         <run_address>0x1770c</run_address>
         <size>0xc</size>
         <input_file_ref idref="fl-9d"/>
      </object_component>
      <object_component id="oc-12c">
         <name>.far</name>
         <uninitialized>true</uninitialized>
         <run_address>0x1772c</run_address>
         <size>0x4</size>
         <input_file_ref idref="fl-b3"/>
      </object_component>
      <object_component id="oc-134">
         <name>.far</name>
         <uninitialized>true</uninitialized>
         <run_address>0x176b8</run_address>
         <size>0x1c</size>
         <input_file_ref idref="fl-b4"/>
      </object_component>
      <object_component id="oc-146">
         <name>.far</name>
         <uninitialized>true</uninitialized>
         <run_address>0x173b0</run_address>
         <size>0x7c</size>
         <input_file_ref idref="fl-b8"/>
      </object_component>
      <object_component id="oc-14e">
         <name>.far</name>
         <uninitialized>true</uninitialized>
         <run_address>0x17698</run_address>
         <size>0x20</size>
         <input_file_ref idref="fl-b9"/>
      </object_component>
      <object_component id="oc-155">
         <name>.far</name>
         <uninitialized>true</uninitialized>
         <run_address>0x16ec0</run_address>
         <size>0x19a</size>
         <input_file_ref idref="fl-ba"/>
      </object_component>
      <object_component id="oc-161">
         <name>.far</name>
         <uninitialized>true</uninitialized>
         <run_address>0x17734</run_address>
         <size>0x4</size>
         <input_file_ref idref="fl-bc"/>
      </object_component>
      <object_component id="oc-167">
         <name>.far</name>
         <uninitialized>true</uninitialized>
         <run_address>0x1705a</run_address>
         <size>0x2</size>
         <input_file_ref idref="fl-bd"/>
      </object_component>
      <object_component id="oc-16d">
         <name>.far</name>
         <uninitialized>true</uninitialized>
         <run_address>0x174dc</run_address>
         <size>0x54</size>
         <input_file_ref idref="fl-be"/>
      </object_component>
      <object_component id="oc-172">
         <name>.far</name>
         <uninitialized>true</uninitialized>
         <run_address>0x17580</run_address>
         <size>0x40</size>
         <input_file_ref idref="fl-bf"/>
      </object_component>
      <object_component id="oc-184">
         <name>.far</name>
         <uninitialized>true</uninitialized>
         <run_address>0x17700</run_address>
         <size>0xc</size>
         <input_file_ref idref="fl-c3"/>
      </object_component>
      <object_component id="oc-192">
         <name>.far</name>
         <uninitialized>true</uninitialized>
         <run_address>0x171e4</run_address>
         <size>0xf4</size>
         <input_file_ref idref="fl-c6"/>
      </object_component>
      <object_component id="oc-199">
         <name>.far</name>
         <uninitialized>true</uninitialized>
         <run_address>0x172d8</run_address>
         <size>0xd8</size>
         <input_file_ref idref="fl-c7"/>
      </object_component>
      <object_component id="oc-1b4">
         <name>.far</name>
         <uninitialized>true</uninitialized>
         <run_address>0x17640</run_address>
         <size>0x38</size>
         <input_file_ref idref="fl-ce"/>
      </object_component>
      <object_component id="oc-1cd">
         <name>.far</name>
         <uninitialized>true</uninitialized>
         <run_address>0x17488</run_address>
         <size>0x54</size>
         <input_file_ref idref="fl-d4"/>
      </object_component>
      <object_component id="oc-1ea">
         <name>.far</name>
         <uninitialized>true</uninitialized>
         <run_address>0x176d4</run_address>
         <size>0x1c</size>
         <input_file_ref idref="fl-da"/>
      </object_component>
      <object_component id="oc-1fb">
         <name>.far</name>
         <uninitialized>true</uninitialized>
         <run_address>0x17730</run_address>
         <size>0x4</size>
         <input_file_ref idref="fl-de"/>
      </object_component>
      <object_component id="oc-22a">
         <name>.far</name>
         <uninitialized>true</uninitialized>
         <run_address>0x1742c</run_address>
         <size>0x5c</size>
         <input_file_ref idref="fl-e9"/>
      </object_component>
      <object_component id="oc-238">
         <name>.far</name>
         <uninitialized>true</uninitialized>
         <run_address>0x17678</run_address>
         <size>0x20</size>
         <input_file_ref idref="fl-ec"/>
      </object_component>
      <object_component id="oc-245">
         <name>.far</name>
         <uninitialized>true</uninitialized>
         <run_address>0x17530</run_address>
         <size>0x50</size>
         <input_file_ref idref="fl-ef"/>
      </object_component>
      <object_component id="oc-280">
         <name>.far</name>
         <uninitialized>true</uninitialized>
         <run_address>0x17724</run_address>
         <size>0x8</size>
         <input_file_ref idref="fl-fe"/>
      </object_component>
      <object_component id="oc-288">
         <name>.far</name>
         <uninitialized>true</uninitialized>
         <run_address>0x1705c</run_address>
         <size>0x188</size>
         <input_file_ref idref="fl-100"/>
      </object_component>
      <object_component id="oc-28d">
         <name>.far</name>
         <uninitialized>true</uninitialized>
         <run_address>0x17738</run_address>
         <size>0x4</size>
         <input_file_ref idref="fl-101"/>
      </object_component>
      <object_component id="oc-292">
         <name>.far</name>
         <uninitialized>true</uninitialized>
         <run_address>0x17718</run_address>
         <size>0xc</size>
         <input_file_ref idref="fl-102"/>
      </object_component>
      <object_component id="oc-297">
         <name>.far</name>
         <uninitialized>true</uninitialized>
         <run_address>0x175c0</run_address>
         <size>0x40</size>
         <input_file_ref idref="fl-103"/>
      </object_component>
      <object_component id="oc-2ae">
         <name>.far</name>
         <uninitialized>true</uninitialized>
         <run_address>0x17600</run_address>
         <size>0x40</size>
         <input_file_ref idref="fl-10a"/>
      </object_component>
      <object_component id="oc-8b">
         <name>.dio</name>
         <uninitialized>true</uninitialized>
         <run_address>0x1bd24</run_address>
         <size>0x8</size>
         <input_file_ref idref="fl-11"/>
      </object_component>
      <object_component id="oc-85">
         <name>.mem</name>
         <uninitialized>true</uninitialized>
         <run_address>0x18d3c</run_address>
         <size>0x4</size>
         <input_file_ref idref="fl-11"/>
      </object_component>
      <object_component id="oc-b8">
         <name>.bios</name>
         <load_address>0xfbe0</load_address>
         <run_address>0xfbe0</run_address>
         <size>0x600</size>
         <input_file_ref idref="fl-96"/>
      </object_component>
      <object_component id="oc-261">
         <name>.bios</name>
         <load_address>0x101e0</load_address>
         <run_address>0x101e0</run_address>
         <size>0x5e0</size>
         <input_file_ref idref="fl-f5"/>
      </object_component>
      <object_component id="oc-5c">
         <name>.bios</name>
         <load_address>0x107c0</load_address>
         <run_address>0x107c0</run_address>
         <size>0x540</size>
         <input_file_ref idref="fl-97"/>
      </object_component>
      <object_component id="oc-5e">
         <name>.bios</name>
         <load_address>0x10d00</load_address>
         <run_address>0x10d00</run_address>
         <size>0x460</size>
         <input_file_ref idref="fl-94"/>
      </object_component>
      <object_component id="oc-1ed">
         <name>.bios</name>
         <load_address>0x11160</load_address>
         <run_address>0x11160</run_address>
         <size>0x460</size>
         <input_file_ref idref="fl-db"/>
      </object_component>
      <object_component id="oc-107">
         <name>.bios</name>
         <load_address>0x115c0</load_address>
         <run_address>0x115c0</run_address>
         <size>0x3a0</size>
         <input_file_ref idref="fl-aa"/>
      </object_component>
      <object_component id="oc-200">
         <name>.bios</name>
         <load_address>0x11960</load_address>
         <run_address>0x11960</run_address>
         <size>0x2e0</size>
         <input_file_ref idref="fl-df"/>
      </object_component>
      <object_component id="oc-1ac">
         <name>.bios</name>
         <load_address>0x11c40</load_address>
         <run_address>0x11c40</run_address>
         <size>0x2c0</size>
         <input_file_ref idref="fl-cc"/>
      </object_component>
      <object_component id="oc-10c">
         <name>.bios</name>
         <load_address>0x11f00</load_address>
         <run_address>0x11f00</run_address>
         <size>0x2c0</size>
         <input_file_ref idref="fl-ab"/>
      </object_component>
      <object_component id="oc-253">
         <name>.bios</name>
         <load_address>0x121c0</load_address>
         <run_address>0x121c0</run_address>
         <size>0x2c0</size>
         <input_file_ref idref="fl-f2"/>
      </object_component>
      <object_component id="oc-1c7">
         <name>.bios:.near</name>
         <load_address>0x12480</load_address>
         <run_address>0x12480</run_address>
         <size>0x280</size>
         <input_file_ref idref="fl-d3"/>
      </object_component>
      <object_component id="oc-1ba">
         <name>.bios:.near</name>
         <load_address>0x12700</load_address>
         <run_address>0x12700</run_address>
         <size>0x280</size>
         <input_file_ref idref="fl-d0"/>
      </object_component>
      <object_component id="oc-61">
         <name>.bios</name>
         <load_address>0x12980</load_address>
         <run_address>0x12980</run_address>
         <size>0x260</size>
         <input_file_ref idref="fl-9a"/>
      </object_component>
      <object_component id="oc-103">
         <name>.bios</name>
         <load_address>0x12be0</load_address>
         <run_address>0x12be0</run_address>
         <size>0x240</size>
         <input_file_ref idref="fl-a9"/>
      </object_component>
      <object_component id="oc-265">
         <name>.bios</name>
         <load_address>0x12e20</load_address>
         <run_address>0x12e20</run_address>
         <size>0x220</size>
         <input_file_ref idref="fl-f6"/>
      </object_component>
      <object_component id="oc-23f">
         <name>.bios</name>
         <load_address>0x13040</load_address>
         <run_address>0x13040</run_address>
         <size>0x200</size>
         <input_file_ref idref="fl-ee"/>
      </object_component>
      <object_component id="oc-fb">
         <name>.bios</name>
         <load_address>0x13240</load_address>
         <run_address>0x13240</run_address>
         <size>0x1c0</size>
         <input_file_ref idref="fl-a7"/>
      </object_component>
      <object_component id="oc-dc">
         <name>.bios</name>
         <load_address>0x13400</load_address>
         <run_address>0x13400</run_address>
         <size>0x1c0</size>
         <input_file_ref idref="fl-9f"/>
      </object_component>
      <object_component id="oc-22e">
         <name>.bios</name>
         <load_address>0x135c0</load_address>
         <run_address>0x135c0</run_address>
         <size>0x1a0</size>
         <input_file_ref idref="fl-ea"/>
      </object_component>
      <object_component id="oc-269">
         <name>.bios</name>
         <load_address>0x13760</load_address>
         <run_address>0x13760</run_address>
         <size>0x180</size>
         <input_file_ref idref="fl-f7"/>
      </object_component>
      <object_component id="oc-246">
         <name>.bios</name>
         <load_address>0x138e0</load_address>
         <run_address>0x138e0</run_address>
         <size>0x180</size>
         <input_file_ref idref="fl-ef"/>
      </object_component>
      <object_component id="oc-19f">
         <name>.bios</name>
         <load_address>0x13a60</load_address>
         <run_address>0x13a60</run_address>
         <size>0x140</size>
         <input_file_ref idref="fl-c9"/>
      </object_component>
      <object_component id="oc-188">
         <name>.bios</name>
         <load_address>0x13ba0</load_address>
         <run_address>0x13ba0</run_address>
         <size>0x120</size>
         <input_file_ref idref="fl-c4"/>
      </object_component>
      <object_component id="oc-138">
         <name>.bios</name>
         <load_address>0x13cc0</load_address>
         <run_address>0x13cc0</run_address>
         <size>0x100</size>
         <input_file_ref idref="fl-b5"/>
      </object_component>
      <object_component id="oc-1f2">
         <name>.bios</name>
         <load_address>0x13dc0</load_address>
         <run_address>0x13dc0</run_address>
         <size>0x100</size>
         <input_file_ref idref="fl-dc"/>
      </object_component>
      <object_component id="oc-20c">
         <name>.bios</name>
         <load_address>0x13ec0</load_address>
         <run_address>0x13ec0</run_address>
         <size>0x100</size>
         <input_file_ref idref="fl-e2"/>
      </object_component>
      <object_component id="oc-210">
         <name>.bios</name>
         <load_address>0x13fc0</load_address>
         <run_address>0x13fc0</run_address>
         <size>0x100</size>
         <input_file_ref idref="fl-e3"/>
      </object_component>
      <object_component id="oc-177">
         <name>.bios</name>
         <load_address>0x140c0</load_address>
         <run_address>0x140c0</run_address>
         <size>0xe0</size>
         <input_file_ref idref="fl-c0"/>
      </object_component>
      <object_component id="oc-19c">
         <name>.bios</name>
         <load_address>0x141a0</load_address>
         <run_address>0x141a0</run_address>
         <size>0xe0</size>
         <input_file_ref idref="fl-c8"/>
      </object_component>
      <object_component id="oc-25b">
         <name>.bios</name>
         <load_address>0x14280</load_address>
         <run_address>0x14280</run_address>
         <size>0xe0</size>
         <input_file_ref idref="fl-f4"/>
      </object_component>
      <object_component id="oc-256">
         <name>.bios</name>
         <load_address>0x14360</load_address>
         <run_address>0x14360</run_address>
         <size>0xe0</size>
         <input_file_ref idref="fl-f3"/>
      </object_component>
      <object_component id="oc-11e">
         <name>.bios</name>
         <load_address>0x14440</load_address>
         <run_address>0x14440</run_address>
         <size>0xe0</size>
         <input_file_ref idref="fl-b0"/>
      </object_component>
      <object_component id="oc-1a8">
         <name>.bios</name>
         <load_address>0x14520</load_address>
         <run_address>0x14520</run_address>
         <size>0xc0</size>
         <input_file_ref idref="fl-cb"/>
      </object_component>
      <object_component id="oc-1a4">
         <name>.bios</name>
         <load_address>0x145e0</load_address>
         <run_address>0x145e0</run_address>
         <size>0xc0</size>
         <input_file_ref idref="fl-ca"/>
      </object_component>
      <object_component id="oc-24b">
         <name>.bios</name>
         <load_address>0x146a0</load_address>
         <run_address>0x146a0</run_address>
         <size>0xc0</size>
         <input_file_ref idref="fl-f0"/>
      </object_component>
      <object_component id="oc-1f6">
         <name>.bios</name>
         <load_address>0x14760</load_address>
         <run_address>0x14760</run_address>
         <size>0xc0</size>
         <input_file_ref idref="fl-dd"/>
      </object_component>
      <object_component id="oc-232">
         <name>.bios</name>
         <load_address>0x14820</load_address>
         <run_address>0x14820</run_address>
         <size>0xc0</size>
         <input_file_ref idref="fl-eb"/>
      </object_component>
      <object_component id="oc-5f">
         <name>.bios</name>
         <load_address>0x148e0</load_address>
         <run_address>0x148e0</run_address>
         <size>0xc0</size>
         <input_file_ref idref="fl-92"/>
      </object_component>
      <object_component id="oc-1c3">
         <name>.bios:.near</name>
         <load_address>0x149a0</load_address>
         <run_address>0x149a0</run_address>
         <size>0xa0</size>
         <input_file_ref idref="fl-d2"/>
      </object_component>
      <object_component id="oc-15c">
         <name>.bios</name>
         <load_address>0x14a40</load_address>
         <run_address>0x14a40</run_address>
         <size>0xa0</size>
         <input_file_ref idref="fl-bb"/>
      </object_component>
      <object_component id="oc-185">
         <name>.bios</name>
         <load_address>0x14ae0</load_address>
         <run_address>0x14ae0</run_address>
         <size>0xa0</size>
         <input_file_ref idref="fl-c3"/>
      </object_component>
      <object_component id="oc-204">
         <name>.bios</name>
         <load_address>0x14b80</load_address>
         <run_address>0x14b80</run_address>
         <size>0x80</size>
         <input_file_ref idref="fl-e0"/>
      </object_component>
      <object_component id="oc-e0">
         <name>.bios</name>
         <load_address>0x14c00</load_address>
         <run_address>0x14c00</run_address>
         <size>0x80</size>
         <input_file_ref idref="fl-a0"/>
      </object_component>
      <object_component id="oc-ee">
         <name>.bios</name>
         <load_address>0x14c80</load_address>
         <run_address>0x14c80</run_address>
         <size>0x80</size>
         <input_file_ref idref="fl-a4"/>
      </object_component>
      <object_component id="oc-ff">
         <name>.bios</name>
         <load_address>0x14d00</load_address>
         <run_address>0x14d00</run_address>
         <size>0x80</size>
         <input_file_ref idref="fl-a8"/>
      </object_component>
      <object_component id="oc-114">
         <name>.bios</name>
         <load_address>0x14d80</load_address>
         <run_address>0x14d80</run_address>
         <size>0x80</size>
         <input_file_ref idref="fl-ad"/>
      </object_component>
      <object_component id="oc-217">
         <name>.bios</name>
         <load_address>0x14e00</load_address>
         <run_address>0x14e00</run_address>
         <size>0x80</size>
         <input_file_ref idref="fl-e5"/>
      </object_component>
      <object_component id="oc-f2">
         <name>.bios</name>
         <load_address>0x14e80</load_address>
         <run_address>0x14e80</run_address>
         <size>0x80</size>
         <input_file_ref idref="fl-a5"/>
      </object_component>
      <object_component id="oc-220">
         <name>.bios:.near</name>
         <load_address>0x14f00</load_address>
         <run_address>0x14f00</run_address>
         <size>0x60</size>
         <input_file_ref idref="fl-e7"/>
      </object_component>
      <object_component id="oc-17e">
         <name>.bios</name>
         <load_address>0x14f60</load_address>
         <run_address>0x14f60</run_address>
         <size>0x60</size>
         <input_file_ref idref="fl-c2"/>
      </object_component>
      <object_component id="oc-208">
         <name>.bios</name>
         <load_address>0x14fc0</load_address>
         <run_address>0x14fc0</run_address>
         <size>0x60</size>
         <input_file_ref idref="fl-e1"/>
      </object_component>
      <object_component id="oc-1fc">
         <name>.bios</name>
         <load_address>0x15020</load_address>
         <run_address>0x15020</run_address>
         <size>0x60</size>
         <input_file_ref idref="fl-de"/>
      </object_component>
      <object_component id="oc-1d1">
         <name>.bios</name>
         <load_address>0x15080</load_address>
         <run_address>0x15080</run_address>
         <size>0x60</size>
         <input_file_ref idref="fl-d5"/>
      </object_component>
      <object_component id="oc-24e">
         <name>.bios</name>
         <load_address>0x150e0</load_address>
         <run_address>0x150e0</run_address>
         <size>0x60</size>
         <input_file_ref idref="fl-f1"/>
      </object_component>
      <object_component id="oc-21c">
         <name>.bios</name>
         <load_address>0x15140</load_address>
         <run_address>0x15140</run_address>
         <size>0x60</size>
         <input_file_ref idref="fl-e6"/>
      </object_component>
      <object_component id="oc-60">
         <name>.bios</name>
         <load_address>0x151a0</load_address>
         <run_address>0x151a0</run_address>
         <size>0x60</size>
         <input_file_ref idref="fl-9d"/>
      </object_component>
      <object_component id="oc-122">
         <name>.bios</name>
         <load_address>0x15200</load_address>
         <run_address>0x15200</run_address>
         <size>0x60</size>
         <input_file_ref idref="fl-b1"/>
      </object_component>
      <object_component id="oc-59">
         <name>.bios</name>
         <load_address>0x15260</load_address>
         <run_address>0x15260</run_address>
         <size>0x40</size>
         <input_file_ref idref="fl-95"/>
      </object_component>
      <object_component id="oc-110">
         <name>.bios</name>
         <load_address>0x152a0</load_address>
         <run_address>0x152a0</run_address>
         <size>0x40</size>
         <input_file_ref idref="fl-ac"/>
      </object_component>
      <object_component id="oc-58">
         <name>.bios</name>
         <load_address>0x152e0</load_address>
         <run_address>0x152e0</run_address>
         <size>0x40</size>
         <input_file_ref idref="fl-9b"/>
      </object_component>
      <object_component id="oc-126">
         <name>.bios</name>
         <load_address>0x15320</load_address>
         <run_address>0x15320</run_address>
         <size>0x40</size>
         <input_file_ref idref="fl-b2"/>
      </object_component>
      <object_component id="oc-64">
         <name>.bios</name>
         <load_address>0x15360</load_address>
         <run_address>0x15360</run_address>
         <size>0x20</size>
         <input_file_ref idref="fl-98"/>
      </object_component>
      <object_component id="oc-17a">
         <name>.bios</name>
         <load_address>0x15380</load_address>
         <run_address>0x15380</run_address>
         <size>0x20</size>
         <input_file_ref idref="fl-c1"/>
      </object_component>
      <object_component id="oc-f6">
         <name>.bios</name>
         <load_address>0x153a0</load_address>
         <run_address>0x153a0</run_address>
         <size>0x20</size>
         <input_file_ref idref="fl-a6"/>
      </object_component>
      <object_component id="oc-18d">
         <name>.bios</name>
         <load_address>0x153c0</load_address>
         <run_address>0x153c0</run_address>
         <size>0x20</size>
         <input_file_ref idref="fl-c5"/>
      </object_component>
      <object_component id="oc-1af">
         <name>.bios</name>
         <load_address>0x153e0</load_address>
         <run_address>0x153e0</run_address>
         <size>0x20</size>
         <input_file_ref idref="fl-cd"/>
      </object_component>
      <object_component id="oc-213">
         <name>.bios</name>
         <load_address>0x15400</load_address>
         <run_address>0x15400</run_address>
         <size>0x20</size>
         <input_file_ref idref="fl-e4"/>
      </object_component>
      <object_component id="oc-224">
         <name>.bios</name>
         <load_address>0x15420</load_address>
         <run_address>0x15420</run_address>
         <size>0x20</size>
         <input_file_ref idref="fl-e8"/>
      </object_component>
      <object_component id="oc-63">
         <name>.bios</name>
         <load_address>0x15440</load_address>
         <run_address>0x15440</run_address>
         <size>0x20</size>
         <input_file_ref idref="fl-9c"/>
      </object_component>
      <object_component id="oc-62">
         <name>.bios</name>
         <load_address>0x15460</load_address>
         <run_address>0x15460</run_address>
         <size>0x20</size>
         <input_file_ref idref="fl-9e"/>
      </object_component>
      <object_component id="oc-1dc">
         <name>.pinit</name>
         <load_address>0x1bd04</load_address>
         <run_address>0x1bd04</run_address>
         <size>0x4</size>
         <input_file_ref idref="fl-d7"/>
      </object_component>
      <object_component id="oc-1e5">
         <name>.pinit</name>
         <load_address>0x1bd08</load_address>
         <run_address>0x1bd08</run_address>
         <size>0x4</size>
         <input_file_ref idref="fl-d9"/>
      </object_component>
      <object_component id="oc-88">
         <name>.sys</name>
         <uninitialized>true</uninitialized>
         <run_address>0x1bcf4</run_address>
         <size>0x10</size>
         <input_file_ref idref="fl-11"/>
      </object_component>
      <object_component id="oc-153">
         <name>.text</name>
         <load_address>0x8200</load_address>
         <run_address>0x8200</run_address>
         <size>0x1b40</size>
         <input_file_ref idref="fl-ba"/>
      </object_component>
      <object_component id="oc-2b1">
         <name>.text</name>
         <load_address>0x9d40</load_address>
         <run_address>0x9d40</run_address>
         <size>0x880</size>
         <input_file_ref idref="fl-f"/>
      </object_component>
      <object_component id="oc-2f2">
         <name>.text:__divd</name>
         <load_address>0xa5c0</load_address>
         <run_address>0xa5c0</run_address>
         <size>0x720</size>
         <input_file_ref idref="fl-f8"/>
      </object_component>
      <object_component id="oc-2ec">
         <name>.text</name>
         <load_address>0xace0</load_address>
         <run_address>0xace0</run_address>
         <size>0x6e0</size>
         <input_file_ref idref="fl-d"/>
      </object_component>
      <object_component id="oc-166">
         <name>.text</name>
         <load_address>0xb3c0</load_address>
         <run_address>0xb3c0</run_address>
         <size>0x480</size>
         <input_file_ref idref="fl-bd"/>
      </object_component>
      <object_component id="oc-144">
         <name>.text</name>
         <load_address>0xb840</load_address>
         <run_address>0xb840</run_address>
         <size>0x3e0</size>
         <input_file_ref idref="fl-b8"/>
      </object_component>
      <object_component id="oc-2f4">
         <name>.text:_cos</name>
         <load_address>0xbc20</load_address>
         <run_address>0xbc20</run_address>
         <size>0x360</size>
         <input_file_ref idref="fl-103"/>
      </object_component>
      <object_component id="oc-2de">
         <name>.text:__divf</name>
         <load_address>0xbf80</load_address>
         <run_address>0xbf80</run_address>
         <size>0x340</size>
         <input_file_ref idref="fl-f9"/>
      </object_component>
      <object_component id="oc-2f3">
         <name>.text:_sin</name>
         <load_address>0xc2c0</load_address>
         <run_address>0xc2c0</run_address>
         <size>0x340</size>
         <input_file_ref idref="fl-10a"/>
      </object_component>
      <object_component id="oc-131">
         <name>.text</name>
         <load_address>0xc600</load_address>
         <run_address>0xc600</run_address>
         <size>0x2c0</size>
         <input_file_ref idref="fl-b4"/>
      </object_component>
      <object_component id="oc-2d1">
         <name>.text:_CACHE_flush</name>
         <load_address>0xc8c0</load_address>
         <run_address>0xc8c0</run_address>
         <size>0x2a0</size>
         <input_file_ref idref="fl-bc"/>
      </object_component>
      <object_component id="oc-2cb">
         <name>.text:_EDMA_open</name>
         <load_address>0xcb60</load_address>
         <run_address>0xcb60</run_address>
         <size>0x280</size>
         <input_file_ref idref="fl-be"/>
      </object_component>
      <object_component id="oc-2dd">
         <name>.text</name>
         <load_address>0xcde0</load_address>
         <run_address>0xcde0</run_address>
         <size>0x260</size>
         <input_file_ref idref="fl-12"/>
      </object_component>
      <object_component id="oc-2db">
         <name>.text:_memcpy</name>
         <load_address>0xd040</load_address>
         <run_address>0xd040</run_address>
         <size>0x240</size>
         <input_file_ref idref="fl-107"/>
      </object_component>
      <object_component id="oc-14c">
         <name>.text</name>
         <load_address>0xd280</load_address>
         <run_address>0xd280</run_address>
         <size>0x240</size>
         <input_file_ref idref="fl-b9"/>
      </object_component>
      <object_component id="oc-13b">
         <name>.text</name>
         <load_address>0xd4c0</load_address>
         <run_address>0xd4c0</run_address>
         <size>0x200</size>
         <input_file_ref idref="fl-b6"/>
      </object_component>
      <object_component id="oc-2c3">
         <name>.text:_IRQ_map</name>
         <load_address>0xd6c0</load_address>
         <run_address>0xd6c0</run_address>
         <size>0x1c0</size>
         <input_file_ref idref="fl-c6"/>
      </object_component>
      <object_component id="oc-2c6">
         <name>.text:_EDMA_allocTable</name>
         <load_address>0xd880</load_address>
         <run_address>0xd880</run_address>
         <size>0x1a0</size>
         <input_file_ref idref="fl-be"/>
      </object_component>
      <object_component id="oc-2e3">
         <name>.text:_MCBSP_reset</name>
         <load_address>0xda20</load_address>
         <run_address>0xda20</run_address>
         <size>0x1a0</size>
         <input_file_ref idref="fl-ce"/>
      </object_component>
      <object_component id="oc-2d0">
         <name>.text:_CACHE_clean</name>
         <load_address>0xdbc0</load_address>
         <run_address>0xdbc0</run_address>
         <size>0x180</size>
         <input_file_ref idref="fl-bc"/>
      </object_component>
      <object_component id="oc-5a">
         <name>.text</name>
         <load_address>0xdd40</load_address>
         <run_address>0xdd40</run_address>
         <size>0x180</size>
         <input_file_ref idref="fl-99"/>
      </object_component>
      <object_component id="oc-2f6">
         <name>.text:_call_dtors</name>
         <load_address>0xdec0</load_address>
         <run_address>0xdec0</run_address>
         <size>0x160</size>
         <input_file_ref idref="fl-101"/>
      </object_component>
      <object_component id="oc-2e4">
         <name>.text:_EDMA_reset</name>
         <load_address>0xe020</load_address>
         <run_address>0xe020</run_address>
         <size>0x140</size>
         <input_file_ref idref="fl-be"/>
      </object_component>
      <object_component id="oc-2f8">
         <name>.text:__frcmpyd_div</name>
         <load_address>0xe160</load_address>
         <run_address>0xe160</run_address>
         <size>0x140</size>
         <input_file_ref idref="fl-fb"/>
      </object_component>
      <object_component id="oc-2d8">
         <name>.text:__strasgi</name>
         <load_address>0xe2a0</load_address>
         <run_address>0xe2a0</run_address>
         <size>0x140</size>
         <input_file_ref idref="fl-ff"/>
      </object_component>
      <object_component id="oc-2c7">
         <name>.text:_EDMA_allocTableEx</name>
         <load_address>0xe3e0</load_address>
         <run_address>0xe3e0</run_address>
         <size>0x120</size>
         <input_file_ref idref="fl-be"/>
      </object_component>
      <object_component id="oc-2d5">
         <name>.text:_memset</name>
         <load_address>0xe500</load_address>
         <run_address>0xe500</run_address>
         <size>0x120</size>
         <input_file_ref idref="fl-108"/>
      </object_component>
      <object_component id="oc-157">
         <name>.text:init</name>
         <load_address>0xe620</load_address>
         <run_address>0xe620</run_address>
         <size>0x120</size>
         <input_file_ref idref="fl-ba"/>
      </object_component>
      <object_component id="oc-2eb">
         <name>.text</name>
         <load_address>0xe740</load_address>
         <run_address>0xe740</run_address>
         <size>0x120</size>
         <input_file_ref idref="fl-b"/>
      </object_component>
      <object_component id="oc-2c5">
         <name>.text:_EDMA_intAlloc</name>
         <load_address>0xe860</load_address>
         <run_address>0xe860</run_address>
         <size>0x100</size>
         <input_file_ref idref="fl-be"/>
      </object_component>
      <object_component id="oc-2b5">
         <name>.text:_MCBSP_open</name>
         <load_address>0xe960</load_address>
         <run_address>0xe960</run_address>
         <size>0x100</size>
         <input_file_ref idref="fl-ce"/>
      </object_component>
      <object_component id="oc-2b7">
         <name>.text:_MCBSP_start</name>
         <load_address>0xea60</load_address>
         <run_address>0xea60</run_address>
         <size>0x100</size>
         <input_file_ref idref="fl-ce"/>
      </object_component>
      <object_component id="oc-2cc">
         <name>.text:_EDMA_config</name>
         <load_address>0xeb60</load_address>
         <run_address>0xeb60</run_address>
         <size>0xe0</size>
         <input_file_ref idref="fl-be"/>
      </object_component>
      <object_component id="oc-2c4">
         <name>.text:_EDMA_intDispatcher</name>
         <load_address>0xec40</load_address>
         <run_address>0xec40</run_address>
         <size>0xe0</size>
         <input_file_ref idref="fl-bf"/>
      </object_component>
      <object_component id="oc-2d3">
         <name>.text:__strasg</name>
         <load_address>0xed20</load_address>
         <run_address>0xed20</run_address>
         <size>0xe0</size>
         <input_file_ref idref="fl-ff"/>
      </object_component>
      <object_component id="oc-2e9">
         <name>.text:_atexit</name>
         <load_address>0xee00</load_address>
         <run_address>0xee00</run_address>
         <size>0xe0</size>
         <input_file_ref idref="fl-100"/>
      </object_component>
      <object_component id="oc-2fb">
         <name>.text:_modf</name>
         <load_address>0xeee0</load_address>
         <run_address>0xeee0</run_address>
         <size>0xe0</size>
         <input_file_ref idref="fl-109"/>
      </object_component>
      <object_component id="oc-2bd">
         <name>.text:_EDMA_freeTableEx</name>
         <load_address>0xefc0</load_address>
         <run_address>0xefc0</run_address>
         <size>0xc0</size>
         <input_file_ref idref="fl-be"/>
      </object_component>
      <object_component id="oc-2fa">
         <name>.text:__nround</name>
         <load_address>0xf080</load_address>
         <run_address>0xf080</run_address>
         <size>0xc0</size>
         <input_file_ref idref="fl-104"/>
      </object_component>
      <object_component id="oc-242">
         <name>.text</name>
         <load_address>0xf140</load_address>
         <run_address>0xf140</run_address>
         <size>0xc0</size>
         <input_file_ref idref="fl-ef"/>
      </object_component>
      <object_component id="oc-2bb">
         <name>.text:_EDMA_close</name>
         <load_address>0xf200</load_address>
         <run_address>0xf200</run_address>
         <size>0xa0</size>
         <input_file_ref idref="fl-be"/>
      </object_component>
      <object_component id="oc-2d2">
         <name>.text:_MCBSP_close</name>
         <load_address>0xf2a0</load_address>
         <run_address>0xf2a0</run_address>
         <size>0xa0</size>
         <input_file_ref idref="fl-ce"/>
      </object_component>
      <object_component id="oc-2b6">
         <name>.text:_MCBSP_config</name>
         <load_address>0xf340</load_address>
         <run_address>0xf340</run_address>
         <size>0xa0</size>
         <input_file_ref idref="fl-ce"/>
      </object_component>
      <object_component id="oc-2fc">
         <name>.text:__mpyll</name>
         <load_address>0xf3e0</load_address>
         <run_address>0xf3e0</run_address>
         <size>0xa0</size>
         <input_file_ref idref="fl-fd"/>
      </object_component>
      <object_component id="oc-2e5">
         <name>.text:_setMux</name>
         <load_address>0xf480</load_address>
         <run_address>0xf480</run_address>
         <size>0xa0</size>
         <input_file_ref idref="fl-c6"/>
      </object_component>
      <object_component id="oc-2be">
         <name>.text:_EDMA_freeTable</name>
         <load_address>0xf520</load_address>
         <run_address>0xf520</run_address>
         <size>0x80</size>
         <input_file_ref idref="fl-be"/>
      </object_component>
      <object_component id="oc-2c0">
         <name>.text:_EDMA_disableChannel</name>
         <load_address>0xf5a0</load_address>
         <run_address>0xf5a0</run_address>
         <size>0x60</size>
         <input_file_ref idref="fl-be"/>
      </object_component>
      <object_component id="oc-2c2">
         <name>.text:_EDMA_enableChannel</name>
         <load_address>0xf600</load_address>
         <run_address>0xf600</run_address>
         <size>0x60</size>
         <input_file_ref idref="fl-be"/>
      </object_component>
      <object_component id="oc-2bc">
         <name>.text:_EDMA_intDisable</name>
         <load_address>0xf660</load_address>
         <run_address>0xf660</run_address>
         <size>0x60</size>
         <input_file_ref idref="fl-be"/>
      </object_component>
      <object_component id="oc-2ce">
         <name>.text:_EDMA_intEnable</name>
         <load_address>0xf6c0</load_address>
         <run_address>0xf6c0</run_address>
         <size>0x60</size>
         <input_file_ref idref="fl-be"/>
      </object_component>
      <object_component id="oc-2ca">
         <name>.text:_EDMA_intHook</name>
         <load_address>0xf720</load_address>
         <run_address>0xf720</run_address>
         <size>0x60</size>
         <input_file_ref idref="fl-bf"/>
      </object_component>
      <object_component id="oc-2e6">
         <name>.text:_EDMA_qdmaConfig</name>
         <load_address>0xf780</load_address>
         <run_address>0xf780</run_address>
         <size>0x60</size>
         <input_file_ref idref="fl-be"/>
      </object_component>
      <object_component id="oc-2f7">
         <name>.text:__llshru</name>
         <load_address>0xf7e0</load_address>
         <run_address>0xf7e0</run_address>
         <size>0x60</size>
         <input_file_ref idref="fl-fc"/>
      </object_component>
      <object_component id="oc-2f5">
         <name>.text:_floor</name>
         <load_address>0xf840</load_address>
         <run_address>0xf840</run_address>
         <size>0x60</size>
         <input_file_ref idref="fl-106"/>
      </object_component>
      <object_component id="oc-13f">
         <name>.text</name>
         <load_address>0xf8a0</load_address>
         <run_address>0xf8a0</run_address>
         <size>0x60</size>
         <input_file_ref idref="fl-b7"/>
      </object_component>
      <object_component id="oc-2bf">
         <name>.text:_EDMA_intFree</name>
         <load_address>0xf900</load_address>
         <run_address>0xf900</run_address>
         <size>0x40</size>
         <input_file_ref idref="fl-be"/>
      </object_component>
      <object_component id="oc-2c1">
         <name>.text:_EDMA_link</name>
         <load_address>0xf940</load_address>
         <run_address>0xf940</run_address>
         <size>0x40</size>
         <input_file_ref idref="fl-be"/>
      </object_component>
      <object_component id="oc-2cf">
         <name>.text:_IRQ_enable</name>
         <load_address>0xf980</load_address>
         <run_address>0xf980</run_address>
         <size>0x40</size>
         <input_file_ref idref="fl-c6"/>
      </object_component>
      <object_component id="oc-2f1">
         <name>.text:___add_dtor</name>
         <load_address>0xf9c0</load_address>
         <run_address>0xf9c0</run_address>
         <size>0x40</size>
         <input_file_ref idref="fl-101"/>
      </object_component>
      <object_component id="oc-2f9">
         <name>.text:__trunc</name>
         <load_address>0xfa00</load_address>
         <run_address>0xfa00</run_address>
         <size>0x40</size>
         <input_file_ref idref="fl-105"/>
      </object_component>
      <object_component id="oc-2cd">
         <name>.text:_EDMA_intClear</name>
         <load_address>0xfa40</load_address>
         <run_address>0xfa40</run_address>
         <size>0x20</size>
         <input_file_ref idref="fl-be"/>
      </object_component>
      <object_component id="oc-2d4">
         <name>.text:_EDMA_intDefaultHandler</name>
         <load_address>0xfa60</load_address>
         <run_address>0xfa60</run_address>
         <size>0x20</size>
         <input_file_ref idref="fl-bf"/>
      </object_component>
      <object_component id="oc-2e7">
         <name>.text:_IRQ_globalDisable</name>
         <load_address>0xfa80</load_address>
         <run_address>0xfa80</run_address>
         <size>0x20</size>
         <input_file_ref idref="fl-c6"/>
      </object_component>
      <object_component id="oc-2e8">
         <name>.text:_IRQ_globalRestore</name>
         <load_address>0xfaa0</load_address>
         <run_address>0xfaa0</run_address>
         <size>0x20</size>
         <input_file_ref idref="fl-c6"/>
      </object_component>
      <object_component id="oc-2c8">
         <name>.text:_MCBSP_getRcvAddr</name>
         <load_address>0xfac0</load_address>
         <run_address>0xfac0</run_address>
         <size>0x20</size>
         <input_file_ref idref="fl-ce"/>
      </object_component>
      <object_component id="oc-2c9">
         <name>.text:_MCBSP_getXmtAddr</name>
         <load_address>0xfae0</load_address>
         <run_address>0xfae0</run_address>
         <size>0x20</size>
         <input_file_ref idref="fl-ce"/>
      </object_component>
      <object_component id="oc-2b9">
         <name>.text:_MCBSP_write</name>
         <load_address>0xfb00</load_address>
         <run_address>0xfb00</run_address>
         <size>0x20</size>
         <input_file_ref idref="fl-ce"/>
      </object_component>
      <object_component id="oc-2ba">
         <name>.text:_MCBSP_xempty</name>
         <load_address>0xfb20</load_address>
         <run_address>0xfb20</run_address>
         <size>0x20</size>
         <input_file_ref idref="fl-ce"/>
      </object_component>
      <object_component id="oc-2b8">
         <name>.text:_MCBSP_xrdy</name>
         <load_address>0xfb40</load_address>
         <run_address>0xfb40</run_address>
         <size>0x20</size>
[...]
         <object_component_ref idref="oc-19f"/>
      </symbol>
      <symbol id="sm-829">
         <name>_KNL_check</name>
         <value>0x13a60</value>
         <object_component_ref idref="oc-19f"/>
      </symbol>
      <symbol id="sm-82a">
         <name>_KNL_idle</name>
         <value>0x13b38</value>
         <object_component_ref idref="oc-19f"/>
      </symbol>
      <symbol id="sm-834">
         <name>_KNL_post</name>
         <value>0x145e0</value>
         <object_component_ref idref="oc-1a4"/>
      </symbol>
      <symbol id="sm-83e">
         <name>_KNL_ipost</name>
         <value>0x14520</value>
         <object_component_ref idref="oc-1a8"/>
      </symbol>
      <symbol id="sm-848">
         <name>_KNL_run</name>
         <value>0x11c40</value>
         <object_component_ref idref="oc-1ac"/>
      </symbol>
      <symbol id="sm-850">
         <name>_LOG_printf</name>
         <value>0x153e0</value>
         <object_component_ref idref="oc-1af"/>
      </symbol>
      <symbol id="sm-870">
         <name>_MCBSP_reset</name>
         <value>0xda20</value>
         <object_component_ref idref="oc-2e3"/>
      </symbol>
      <symbol id="sm-871">
         <name>_MCBSP_getRcvAddr</name>
         <value>0xfac0</value>
         <object_component_ref idref="oc-2c8"/>
      </symbol>
      <symbol id="sm-872">
         <name>_MCBSP_close</name>
         <value>0xf2a0</value>
         <object_component_ref idref="oc-2d2"/>
      </symbol>
      <symbol id="sm-873">
         <name>_MCBSP_open</name>
         <value>0xe960</value>
         <object_component_ref idref="oc-2b5"/>
      </symbol>
      <symbol id="sm-874">
         <name>_MCBSP_getXmtAddr</name>
         <value>0xfae0</value>
         <object_component_ref idref="oc-2c9"/>
      </symbol>
      <symbol id="sm-875">
         <name>__MCBSP_hDev0</name>
         <value>0x17670</value>
         <object_component_ref idref="oc-1b4"/>
      </symbol>
      <symbol id="sm-876">
         <name>__MCBSP_hDev1</name>
         <value>0x17674</value>
         <object_component_ref idref="oc-1b4"/>
      </symbol>
      <symbol id="sm-877">
         <name>_MCBSP_xempty</name>
         <value>0xfb20</value>
         <object_component_ref idref="oc-2ba"/>
      </symbol>
      <symbol id="sm-878">
         <name>_MCBSP_start</name>
         <value>0xea60</value>
         <object_component_ref idref="oc-2b7"/>
      </symbol>
      <symbol id="sm-879">
         <name>_MCBSP_config</name>
         <value>0xf340</value>
         <object_component_ref idref="oc-2b6"/>
      </symbol>
      <symbol id="sm-87a">
         <name>_MCBSP_xrdy</name>
         <value>0xfb40</value>
         <object_component_ref idref="oc-2b8"/>
      </symbol>
      <symbol id="sm-87b">
         <name>_MCBSP_write</name>
         <value>0xfb00</value>
         <object_component_ref idref="oc-2b9"/>
      </symbol>
      <symbol id="sm-87f">
         <name>_MEM</name>
         <value>0x1b614</value>
         <object_component_ref idref="oc-1b8"/>
      </symbol>
      <symbol id="sm-88b">
         <name>_MEM_free</name>
         <value>0x12700</value>
         <object_component_ref idref="oc-1ba"/>
      </symbol>
      <symbol id="sm-895">
         <name>_MEM_init</name>
         <value>0x1a040</value>
         <object_component_ref idref="oc-1bf"/>
      </symbol>
      <symbol id="sm-89f">
         <name>_MEM_valloc</name>
         <value>0x149a0</value>
         <object_component_ref idref="oc-1c3"/>
      </symbol>
      <symbol id="sm-8ab">
         <name>_MEM_alloc</name>
         <value>0x12480</value>
         <object_component_ref idref="oc-1c7"/>
      </symbol>
      <symbol id="sm-8b9">
         <name>_OBJ_table</name>
         <value>0x17488</value>
         <object_component_ref idref="oc-1cd"/>
      </symbol>
      <symbol id="sm-8ba">
         <name>_OBJ_init</name>
         <value>0x1a260</value>
         <object_component_ref idref="oc-1ce"/>
      </symbol>
      <symbol id="sm-8bb">
         <name>_OBJ_segtab</name>
         <value>0x174c0</value>
         <object_component_ref idref="oc-1cd"/>
      </symbol>
      <symbol id="sm-8c3">
         <name>_QUE_get</name>
         <value>0x15080</value>
         <object_component_ref idref="oc-1d1"/>
      </symbol>
      <symbol id="sm-8c4">
         <name>__QUE_lat1beg</name>
         <value>0x15080</value>
         <object_component_ref idref="oc-1d1"/>
      </symbol>
      <symbol id="sm-8c5">
         <name>__QUE_lat2beg</name>
         <value>0x150a8</value>
         <object_component_ref idref="oc-1d1"/>
      </symbol>
      <symbol id="sm-8c6">
         <name>__QUE_lat1end</name>
         <value>0x150a0</value>
         <object_component_ref idref="oc-1d1"/>
      </symbol>
      <symbol id="sm-8c7">
         <name>__QUE_lat2end</name>
         <value>0x150c0</value>
         <object_component_ref idref="oc-1d1"/>
      </symbol>
      <symbol id="sm-8c8">
         <name>_QUE_put</name>
         <value>0x150a8</value>
         <object_component_ref idref="oc-1d1"/>
      </symbol>
      <symbol id="sm-8d4">
         <name>_RTDX_Buffer_ReadCB</name>
         <value>0x19a80</value>
         <object_component_ref idref="oc-2e1"/>
      </symbol>
      <symbol id="sm-8d5">
         <name>RTDX_NORMALIZED_HDR</name>
         <value>0x1</value>
      </symbol>
      <symbol id="sm-8d6">
         <name>_RTDX_Buffer_Read</name>
         <value>0x19b60</value>
         <object_component_ref idref="oc-2b3"/>
      </symbol>
      <symbol id="sm-8f2">
         <name>_rtdx_buffer_state</name>
         <value>0x1a6b0</value>
         <object_component_ref idref="oc-1db"/>
      </symbol>
      <symbol id="sm-8f3">
         <name>_RTDX_Buffer_WriteCB</name>
         <value>0x19140</value>
         <object_component_ref idref="oc-2e2"/>
      </symbol>
      <symbol id="sm-8f4">
         <name>_rtdxNullChanCnt</name>
         <value>0x1b5c8</value>
         <object_component_ref idref="oc-1d8"/>
      </symbol>
      <symbol id="sm-8f5">
         <name>_RTDX_writing</name>
         <value>0x1a6bc</value>
         <object_component_ref idref="oc-1db"/>
      </symbol>
      <symbol id="sm-8f6">
         <name>_RTDX_Buffer_Initialize</name>
         <value>0x19a20</value>
         <object_component_ref idref="oc-2d6"/>
      </symbol>
      <symbol id="sm-8f7">
         <name>_RTDX_Buffer_Write</name>
         <value>0x19b80</value>
         <object_component_ref idref="oc-2b4"/>
      </symbol>
      <symbol id="sm-8f8">
         <name>_rtdxNullFuncCnt</name>
         <value>0x1b5cc</value>
         <object_component_ref idref="oc-1d8"/>
      </symbol>
      <symbol id="sm-8f9">
         <name>_RTDX_Buffer_Size</name>
         <value>0x19ae0</value>
         <object_component_ref idref="oc-2ed"/>
      </symbol>
      <symbol id="sm-903">
         <name>_RTDX_Mask_IER</name>
         <value>0x19bc0</value>
         <object_component_ref idref="oc-1e0"/>
      </symbol>
      <symbol id="sm-91b">
         <name>_RTDX_Mon_Queue</name>
         <value>0x19780</value>
         <object_component_ref idref="oc-2f0"/>
      </symbol>
      <symbol id="sm-91c">
         <name>_rtdx_mon_state</name>
         <value>0x1a6d0</value>
         <object_component_ref idref="oc-1e4"/>
      </symbol>
      <symbol id="sm-91d">
         <name>_RTDX_JTAGONLY</name>
         <value>0x2</value>
      </symbol>
      <symbol id="sm-91e">
         <name>_RTDX_Final_RT_Monitor</name>
         <value>0x19b20</value>
         <object_component_ref idref="oc-2ea"/>
      </symbol>
      <symbol id="sm-91f">
         <name>_RTDX_Poll</name>
         <value>0x18d40</value>
         <object_component_ref idref="oc-2b2"/>
      </symbol>
      <symbol id="sm-920">
         <name>_RTDX_Init_RT_Monitor</name>
         <value>0x199a0</value>
         <object_component_ref idref="oc-2d7"/>
      </symbol>
      <symbol id="sm-92a">
         <name>_SIO_ATTRS</name>
         <value>0x176d4</value>
         <object_component_ref idref="oc-1ea"/>
      </symbol>
      <symbol id="sm-936">
         <name>_SIO_create</name>
         <value>0x11160</value>
         <object_component_ref idref="oc-1ed"/>
      </symbol>
      <symbol id="sm-940">
         <name>_DEV_mkframe</name>
         <value>0x13dc0</value>
         <object_component_ref idref="oc-1f2"/>
      </symbol>
      <symbol id="sm-94a">
         <name>_OBJ_create</name>
         <value>0x14760</value>
         <object_component_ref idref="oc-1f6"/>
      </symbol>
      <symbol id="sm-958">
         <name>_QUE_ATTRS</name>
         <value>0x17730</value>
         <object_component_ref idref="oc-1fb"/>
      </symbol>
      <symbol id="sm-959">
         <name>_QUE_create</name>
         <value>0x15020</value>
         <object_component_ref idref="oc-1fc"/>
      </symbol>
      <symbol id="sm-963">
         <name>_SIO_delete</name>
         <value>0x11960</value>
         <object_component_ref idref="oc-200"/>
      </symbol>
      <symbol id="sm-96d">
         <name>_DEV_rmframe</name>
         <value>0x14b80</value>
         <object_component_ref idref="oc-204"/>
      </symbol>
      <symbol id="sm-977">
         <name>_OBJ_delete</name>
         <value>0x14fc0</value>
         <object_component_ref idref="oc-208"/>
      </symbol>
      <symbol id="sm-981">
         <name>_SIO_issue</name>
         <value>0x13ec0</value>
         <object_component_ref idref="oc-20c"/>
      </symbol>
      <symbol id="sm-98b">
         <name>_SIO_reclaim</name>
         <value>0x13fc0</value>
         <object_component_ref idref="oc-210"/>
      </symbol>
      <symbol id="sm-993">
         <name>_STS_set</name>
         <value>0x15400</value>
         <object_component_ref idref="oc-213"/>
      </symbol>
      <symbol id="sm-99b">
         <name>_SWI_andnHook</name>
         <value>0x14e00</value>
         <object_component_ref idref="oc-217"/>
      </symbol>
      <symbol id="sm-99c">
         <name>_SWI_andn</name>
         <value>0x14e00</value>
         <object_component_ref idref="oc-217"/>
      </symbol>
      <symbol id="sm-9a6">
         <name>_SYS_abort</name>
         <value>0x15140</value>
         <object_component_ref idref="oc-21c"/>
      </symbol>
      <symbol id="sm-9b0">
         <name>_SYS_error</name>
         <value>0x14f00</value>
         <object_component_ref idref="oc-220"/>
      </symbol>
      <symbol id="sm-9ba">
         <name>_SYS_one</name>
         <value>0x1542c</value>
         <object_component_ref idref="oc-224"/>
      </symbol>
      <symbol id="sm-9bb">
         <name>_SYS_zero</name>
         <value>0x15420</value>
         <object_component_ref idref="oc-224"/>
      </symbol>
      <symbol id="sm-9c9">
         <name>_TSK_nTasks</name>
         <value>0x1b5d0</value>
         <object_component_ref idref="oc-227"/>
      </symbol>
      <symbol id="sm-9ca">
         <name>_TSK_config</name>
         <value>0x17448</value>
         <object_component_ref idref="oc-22a"/>
      </symbol>
      <symbol id="sm-9cb">
         <name>_TSK</name>
         <value>0x1b5d8</value>
         <object_component_ref idref="oc-227"/>
      </symbol>
      <symbol id="sm-9cc">
         <name>_TSK_timerSem</name>
         <value>0x17468</value>
         <object_component_ref idref="oc-22a"/>
      </symbol>
      <symbol id="sm-9cd">
         <name>_TSK_pid</name>
         <value>0x1b5d4</value>
         <object_component_ref idref="oc-227"/>
      </symbol>
      <symbol id="sm-9ce">
         <name>_TSK_ATTRS</name>
         <value>0x1742c</value>
         <object_component_ref idref="oc-22a"/>
      </symbol>
      <symbol id="sm-9d8">
         <name>_TSK_exit</name>
         <value>0x135c0</value>
         <object_component_ref idref="oc-22e"/>
      </symbol>
      <symbol id="sm-9e2">
         <name>_SYS_exit</name>
         <value>0x14820</value>
         <object_component_ref idref="oc-232"/>
      </symbol>
      <symbol id="sm-9ee">
         <name>_SYS_exitStack</name>
         <value>0x17678</value>
         <object_component_ref idref="oc-238"/>
      </symbol>
      <symbol id="sm-9ef">
         <name>_SYS_exitStackPtr</name>
         <value>0x1b5fc</value>
         <object_component_ref idref="oc-235"/>
      </symbol>
      <symbol id="sm-9f0">
         <name>_SYS_exitStackTop</name>
         <value>0x1b600</value>
         <object_component_ref idref="oc-235"/>
      </symbol>
      <symbol id="sm-9fa">
         <name>_TSK_init</name>
         <value>0x1a1e0</value>
         <object_component_ref idref="oc-23b"/>
      </symbol>
      <symbol id="sm-a04">
         <name>_TSK_setup</name>
         <value>0x13040</value>
         <object_component_ref idref="oc-23f"/>
      </symbol>
      <symbol id="sm-a16">
         <name>__MEM_mutex</name>
         <value>0x17558</value>
         <object_component_ref idref="oc-245"/>
      </symbol>
      <symbol id="sm-a17">
         <name>_TSK_startup</name>
         <value>0x139a0</value>
         <object_component_ref idref="oc-246"/>
      </symbol>
      <symbol id="sm-a18">
         <name>__TSK_mutex</name>
         <value>0x17530</value>
         <object_component_ref idref="oc-245"/>
      </symbol>
      <symbol id="sm-a22">
         <name>_LCK_pend</name>
         <value>0x146d0</value>
         <object_component_ref idref="oc-24b"/>
      </symbol>
      <symbol id="sm-a23">
         <name>_LCK_post</name>
         <value>0x146a0</value>
         <object_component_ref idref="oc-24b"/>
      </symbol>
      <symbol id="sm-a2b">
         <name>_SEM_pend</name>
         <value>0x150e0</value>
         <object_component_ref idref="oc-24e"/>
      </symbol>
      <symbol id="sm-a35">
         <name>_SEM_pendEnterKnl</name>
         <value>0x121c0</value>
         <object_component_ref idref="oc-253"/>
      </symbol>
      <symbol id="sm-a3d">
         <name>_SEM_postBinary</name>
         <value>0x14360</value>
         <object_component_ref idref="oc-256"/>
      </symbol>
      <symbol id="sm-a3e">
         <name>_SEM_post</name>
         <value>0x14360</value>
         <object_component_ref idref="oc-256"/>
      </symbol>
      <symbol id="sm-a48">
         <name>_SEM_postEnterKnl</name>
         <value>0x14280</value>
         <object_component_ref idref="oc-25b"/>
      </symbol>
      <symbol id="sm-a56">
         <name>__GBL_setL2CacheMode</name>
         <value>0x10614</value>
         <object_component_ref idref="oc-261"/>
      </symbol>
      <symbol id="sm-a60">
         <name>__SEM_dopost</name>
         <value>0x12e20</value>
         <object_component_ref idref="oc-265"/>
      </symbol>
      <symbol id="sm-a6a">
         <name>__auto_init</name>
         <value>0x13760</value>
         <object_component_ref idref="oc-269"/>
      </symbol>
      <symbol id="sm-a74">
         <name>__divd</name>
         <value>0xa5c0</value>
         <object_component_ref idref="oc-2f2"/>
      </symbol>
      <symbol id="sm-a7e">
         <name>__divf</name>
         <value>0xbf80</value>
         <object_component_ref idref="oc-2de"/>
      </symbol>
      <symbol id="sm-a8d">
         <name>__frcmpyd_div</name>
         <value>0xe160</value>
         <object_component_ref idref="oc-2f8"/>
      </symbol>
      <symbol id="sm-a97">
         <name>__llshru</name>
         <value>0xf7e0</value>
         <object_component_ref idref="oc-2f7"/>
      </symbol>
      <symbol id="sm-aa1">
         <name>__mpyll</name>
         <value>0xf3e0</value>
         <object_component_ref idref="oc-2fc"/>
      </symbol>
      <symbol id="sm-ab3">
         <name>__unlock</name>
         <value>0x17728</value>
         <object_component_ref idref="oc-280"/>
      </symbol>
      <symbol id="sm-ab4">
         <name>__lock</name>
         <value>0x17724</value>
         <object_component_ref idref="oc-280"/>
      </symbol>
      <symbol id="sm-ab5">
         <name>__register_lock</name>
         <value>0xfb80</value>
         <object_component_ref idref="oc-2d9"/>
      </symbol>
      <symbol id="sm-ab6">
         <name>__nop</name>
         <value>0xfb60</value>
         <object_component_ref idref="oc-2dc"/>
      </symbol>
      <symbol id="sm-ab7">
         <name>__register_unlock</name>
         <value>0xfba0</value>
         <object_component_ref idref="oc-2da"/>
      </symbol>
      <symbol id="sm-ac1">
         <name>__c6xabi_strasgi</name>
         <value>0xe2a0</value>
         <object_component_ref idref="oc-2d8"/>
      </symbol>
      <symbol id="sm-ac2">
         <name>__strasg</name>
         <value>0xed20</value>
         <object_component_ref idref="oc-2d3"/>
      </symbol>
      <symbol id="sm-ac3">
         <name>__strasgi</name>
         <value>0xe2a0</value>
         <object_component_ref idref="oc-2d8"/>
      </symbol>
      <symbol id="sm-ad1">
         <name>_atexit</name>
         <value>0xee00</value>
         <object_component_ref idref="oc-2e9"/>
      </symbol>
      <symbol id="sm-ad2">
         <name>___atexit_func_id__</name>
         <value>0x1705c</value>
         <object_component_ref idref="oc-288"/>
      </symbol>
      <symbol id="sm-ae2">
         <name>_dtors</name>
         <value>0x17738</value>
         <object_component_ref idref="oc-28d"/>
      </symbol>
      <symbol id="sm-ae3">
         <name>_call_dtors</name>
         <value>0xdec0</value>
         <object_component_ref idref="oc-2f6"/>
      </symbol>
      <symbol id="sm-ae4">
         <name>___add_dtor</name>
         <value>0xf9c0</value>
         <object_component_ref idref="oc-2f1"/>
      </symbol>
      <symbol id="sm-af0">
         <name>___TI_enable_exit_profile_output</name>
         <value>0x17720</value>
         <object_component_ref idref="oc-292"/>
      </symbol>
      <symbol id="sm-af1">
         <name>__cleanup_ptr</name>
         <value>0x17718</value>
         <object_component_ref idref="oc-292"/>
      </symbol>
      <symbol id="sm-af2">
         <name>__dtors_ptr</name>
         <value>0x1771c</value>
         <object_component_ref idref="oc-292"/>
      </symbol>
      <symbol id="sm-b00">
         <name>_cos</name>
         <value>0xbc20</value>
         <object_component_ref idref="oc-2f4"/>
      </symbol>
      <symbol id="sm-b0a">
         <name>__nround</name>
         <value>0xf080</value>
         <object_component_ref idref="oc-2fa"/>
      </symbol>
      <symbol id="sm-b14">
         <name>__trunc</name>
         <value>0xfa00</value>
         <object_component_ref idref="oc-2f9"/>
      </symbol>
      <symbol id="sm-b1e">
         <name>_floor</name>
         <value>0xf840</value>
         <object_component_ref idref="oc-2f5"/>
      </symbol>
      <symbol id="sm-b28">
         <name>_memcpy</name>
         <value>0xd040</value>
         <object_component_ref idref="oc-2db"/>
      </symbol>
      <symbol id="sm-b32">
         <name>_memset</name>
         <value>0xe500</value>
         <object_component_ref idref="oc-2d5"/>
      </symbol>
      <symbol id="sm-b3c">
         <name>_modf</name>
         <value>0xeee0</value>
         <object_component_ref idref="oc-2fb"/>
      </symbol>
      <symbol id="sm-b4a">
         <name>_sin</name>
         <value>0xc2c0</value>
         <object_component_ref idref="oc-2f3"/>
      </symbol>
   </symbol_table>
</link_info>
