******************************************************************************
               TMS320C6x Linker PC v7.4.4                      
******************************************************************************
>> Linked Mon May 06 15:59:18 2019

OUTPUT FILE NAME:   <goldenlab.out>
ENTRY POINT SYMBOL: "_c_int00"  address: 0001a120


MEMORY CONFIGURATION

         name            origin    length      used     unused   attr    fill
----------------------  --------  ---------  --------  --------  ----  --------
  IRAM                  00000000   00030000  0001bd25  000142db  RWIX
  CACHE_L2              00030000   00010000  00000000  00010000  RWIX
  SDRAM                 80000000   10000000  00800000  0f800000  RWIX
  EMIFCE1               90000000   10000000  00000000  10000000  RWIX
  EMIFCE2               a0000000   10000000  00000000  10000000  RWIX
  EMIFCE3               b0000000   10000000  00000000  10000000  RWIX


SECTION ALLOCATION MAP

 output                                  attributes/
section   page    origin      length       input sections
--------  ----  ----------  ----------   ----------------
.vers      0    00000000    0000003c     COPY SECTION
                  00000000    0000003c     dsp_apcfg.obj (.vers)

.prd       0    00000000    00000000     UNINITIALIZED

.hwi_vec   0    00000000    00000200     
                  00000000    00000200     dsp_apcfg.obj (.hwi_vec)

.data      0    00000000    00000000     UNINITIALIZED

.pinit     0    00000000    00000000     UNINITIALIZED

.cinit     0    00000000    00000000     UNINITIALIZED

.IRAM$heap 
*          0    00000200    00008000     UNINITIALIZED
                  00000200    00008000     --HOLE--

.text      0    00008200    000079e0     
                  00008200    00001b40     c6x1x_edma_mcbsp.l67 : c6x1x_edma_mcbsp.o62 (.text)
                  00009d40    00000880     dsp_top.obj (.text)
                  0000a5c0    00000720     rts6700.lib : divd.obj (.text:__divd)
                  0000ace0    000006e0     pll.obj (.text)
                  0000b3c0    00000480     dsk6713bsl.lib : dsk6713.obj (.text)
                  0000b840    000003e0     dsk6713_edma_aic23.l67 : dsk6713_edma_aic23.o64 (.text)
                  0000bc20    00000360     rts6700.lib : cos.obj (.text:_cos)
                  0000bf80    00000340                 : divf.obj (.text:__divf)
                  0000c2c0    00000340                 : sin.obj (.text:_sin)
                  0000c600    000002c0     drivers.a67 : dio_cbDynamic.o67 (.text)
                  0000c8c0    000002a0     csl6713.lib : csl_cache.obj (.text:_CACHE_flush)
                  0000cb60    00000280                 : csl_edma.obj (.text:_EDMA_open)
                  0000cde0    00000260     dsp_ap.obj (.text)
                  0000d040    00000240     rts6700.lib : memcpy62.obj (.text:_memcpy)
                  0000d280    00000240     dsk6713_edma_aic23.l67 : aic23.o64 (.text)
                  0000d4c0    00000200     drivers.a67 : dio_cb.o67 (.text)
                  0000d6c0    000001c0     csl6713.lib : csl_irq.obj (.text:_IRQ_map)
                  0000d880    000001a0                 : csl_edma.obj (.text:_EDMA_allocTable)
                  0000da20    000001a0                 : csl_mcbsp.obj (.text:_MCBSP_reset)
                  0000dbc0    00000180                 : csl_cache.obj (.text:_CACHE_clean)
                  0000dd40    00000180     bios.a67 : gbl_cslpllinit62.o67 (.text)
                  0000dec0    00000160     rts6700.lib : sinit.obj (.text:_call_dtors)
                  0000e020    00000140     csl6713.lib : csl_edma.obj (.text:_EDMA_reset)
                  0000e160    00000140     rts6700.lib : frcmpyd_div.obj (.text:__frcmpyd_div)
                  0000e2a0    00000140                 : strasg.obj (.text:__strasgi)
                  0000e3e0    00000120     csl6713.lib : csl_edma.obj (.text:_EDMA_allocTableEx)
                  0000e500    00000120     rts6700.lib : memset.obj (.text:_memset)
                  0000e620    00000120     c6x1x_edma_mcbsp.l67 : c6x1x_edma_mcbsp.o62 (.text:init)
                  0000e740    00000120     sin_tables.obj (.text)
                  0000e860    00000100     csl6713.lib : csl_edma.obj (.text:_EDMA_intAlloc)
                  0000e960    00000100                 : csl_mcbsp.obj (.text:_MCBSP_open)
                  0000ea60    00000100                 : csl_mcbsp.obj (.text:_MCBSP_start)
                  0000eb60    000000e0                 : csl_edma.obj (.text:_EDMA_config)
                  0000ec40    000000e0                 : csl_edmadsptr.obj (.text:_EDMA_intDispatcher)
                  0000ed20    000000e0     rts6700.lib : strasg.obj (.text:__strasg)
                  0000ee00    000000e0                 : atexit.obj (.text:_atexit)
                  0000eee0    000000e0                 : modf.obj (.text:_modf)
                  0000efc0    000000c0     csl6713.lib : csl_edma.obj (.text:_EDMA_freeTableEx)
                  0000f080    000000c0     rts6700.lib : round.obj (.text:__nround)
                  0000f140    000000c0     bios.a67 : tsk_stup.o67 (.text)
                  0000f200    000000a0     csl6713.lib : csl_edma.obj (.text:_EDMA_close)
                  0000f2a0    000000a0                 : csl_mcbsp.obj (.text:_MCBSP_close)
                  0000f340    000000a0                 : csl_mcbsp.obj (.text:_MCBSP_config)
                  0000f3e0    000000a0     rts6700.lib : mpyll.obj (.text:__mpyll)
                  0000f480    000000a0     csl6713.lib : csl_irq.obj (.text:_setMux)
                  0000f520    00000080                 : csl_edma.obj (.text:_EDMA_freeTable)
                  0000f5a0    00000060                 : csl_edma.obj (.text:_EDMA_disableChannel)
                  0000f600    00000060                 : csl_edma.obj (.text:_EDMA_enableChannel)
                  0000f660    00000060                 : csl_edma.obj (.text:_EDMA_intDisable)
                  0000f6c0    00000060                 : csl_edma.obj (.text:_EDMA_intEnable)
                  0000f720    00000060                 : csl_edmadsptr.obj (.text:_EDMA_intHook)
                  0000f780    00000060                 : csl_edma.obj (.text:_EDMA_qdmaConfig)
                  0000f7e0    00000060     rts6700.lib : llshift.obj (.text:__llshru)
                  0000f840    00000060                 : floor.obj (.text:_floor)
                  0000f8a0    00000060     drivers.a67 : dio.o67 (.text)
                  0000f900    00000040     csl6713.lib : csl_edma.obj (.text:_EDMA_intFree)
                  0000f940    00000040                 : csl_edma.obj (.text:_EDMA_link)
                  0000f980    00000040                 : csl_irq.obj (.text:_IRQ_enable)
                  0000f9c0    00000040     rts6700.lib : sinit.obj (.text:___add_dtor)
                  0000fa00    00000040                 : trunc.obj (.text:__trunc)
                  0000fa40    00000020     csl6713.lib : csl_edma.obj (.text:_EDMA_intClear)
                  0000fa60    00000020                 : csl_edmadsptr.obj (.text:_EDMA_intDefaultHandler)
                  0000fa80    00000020                 : csl_irq.obj (.text:_IRQ_globalDisable)
                  0000faa0    00000020                 : csl_irq.obj (.text:_IRQ_globalRestore)
                  0000fac0    00000020                 : csl_mcbsp.obj (.text:_MCBSP_getRcvAddr)
                  0000fae0    00000020                 : csl_mcbsp.obj (.text:_MCBSP_getXmtAddr)
                  0000fb00    00000020                 : csl_mcbsp.obj (.text:_MCBSP_write)
                  0000fb20    00000020                 : csl_mcbsp.obj (.text:_MCBSP_xempty)
                  0000fb40    00000020                 : csl_mcbsp.obj (.text:_MCBSP_xrdy)
                  0000fb60    00000020     rts6700.lib : _lock.obj (.text:__nop)
                  0000fb80    00000020                 : _lock.obj (.text:__register_lock)
                  0000fba0    00000020                 : _lock.obj (.text:__register_unlock)
                  0000fbc0    00000020     csl6713.lib : csl_irq.obj (.text)

.bios      0    0000fbe0    000058a0     
                  0000fbe0    00000600     lnkrtdx.a67 : rtdx.o67 (.bios)
                  000101e0    000005e0     bios.a67 : gbl_setL2CacheMode.o67 (.bios)
                  000107c0    00000540              : swi.o67 (.bios)
                  00010d00    00000460              : hwi_disp_asm.o67 (.bios)
                  00011160    00000460     sioboth.a67 : sio_crea.o67 (.bios)
                  000115c0    000003a0     bios.a67 : prd.o67 (.bios)
                  00011960    000002e0     sioboth.a67 : sio_dele.o67 (.bios)
                  00011c40    000002c0     bios.a67 : knl_run.o67 (.bios)
                  00011f00    000002c0              : rta.o67 (.bios)
                  000121c0    000002c0              : sem_pend.o67 (.bios)
                  00012480    00000280              : mem_allo.o67 (.bios:.near)
                  00012700    00000280              : mem_free.o67 (.bios:.near)
                  00012980    00000260              : knl_tick.o67 (.bios)
                  00012be0    00000240              : pip.o67 (.bios)
                  00012e20    00000220              : sem_dopo.o67 (.bios)
                  00013040    00000200              : tsk_setu.o67 (.bios)
                  00013240    000001c0              : knl_swit.o67 (.bios)
                  00013400    000001c0     biosC6000.a67 : clk.o67 (.bios)
                  000135c0    000001a0     bios.a67 : tsk_exit.o67 (.bios)
                  00013760    00000180              : autoinit.o67 (.bios)
                  000138e0    00000180              : tsk_stup.o67 (.bios)
                  00013a60    00000140              : knl_chec.o67 (.bios)
                  00013ba0    00000120     bios6x1x.a67 : c62_plug.o67 (.bios)
                  00013cc0    00000100     bios.a67 : dev_matc.o67 (.bios)
                  00013dc0    00000100              : dev_mkfr.o67 (.bios)
                  00013ec0    00000100     sioboth.a67 : sio_issu.o67 (.bios)
                  00013fc0    00000100                 : sio_recl.o67 (.bios)
                  000140c0    000000e0     bios.a67 : gbl_cslcacheinit.o67 (.bios)
                  000141a0    000000e0              : knl_exit.o67 (.bios)
                  00014280    000000e0              : sem_post.o67 (.bios)
                  00014360    000000e0              : sem_post_asm.o67 (.bios)
                  00014440    000000e0     biosC6000.a67 : clk_meas.o67 (.bios)
                  00014520    000000c0     bios.a67 : knl_ipos.o67 (.bios)
                  000145e0    000000c0              : knl_post.o67 (.bios)
                  000146a0    000000c0              : lck.o67 (.bios)
                  00014760    000000c0              : obj_crea.o67 (.bios)
                  00014820    000000c0              : sys_exit.o67 (.bios)
                  000148e0    000000c0     biosC6000.a67 : clk_htime.o67 (.bios)
                  000149a0    000000a0     bios.a67 : mem_vall.o67 (.bios:.near)
                  00014a40    000000a0              : atm.o67 (.bios)
                  00014ae0    000000a0              : hwi_disp.o67 (.bios)
                  00014b80    00000080              : dev_rmfr.o67 (.bios)
                  00014c00    00000080              : fxn.o67 (.bios)
                  00014c80    00000080              : idl_busy.o67 (.bios)
                  00014d00    00000080              : log.o67 (.bios)
                  00014d80    00000080              : sts.o67 (.bios)
                  00014e00    00000080              : swi_andn.o67 (.bios)
                  00014e80    00000080     biosC6000.a67 : idl_cal.o67 (.bios)
                  00014f00    00000060     bios.a67 : sys_erro.o67 (.bios:.near)
                  00014f60    00000060              : hwi_c.o67 (.bios)
                  00014fc0    00000060              : obj_dele.o67 (.bios)
                  00015020    00000060              : que_crea.o67 (.bios)
                  00015080    00000060              : que_get.o67 (.bios)
                  000150e0    00000060              : sem_pend_counting.o67 (.bios)
                  00015140    00000060              : sys_abor.o67 (.bios)
                  000151a0    00000060              : utl_putc.o67 (.bios)
                  00015200    00000060     biosC6000.a67 : clk_start.o67 (.bios)
                  00015260    00000040     bios.a67 : idl_stub.o67 (.bios)
                  000152a0    00000040              : rta_andn.o67 (.bios)
                  000152e0    00000040              : utl_doab.o67 (.bios)
                  00015320    00000040     biosC6000.a67 : clk_stop.o67 (.bios)
                  00015360    00000020     bios.a67 : fxn_c.o67 (.bios)
                  00015380    00000020              : gbl_vers.o67 (.bios)
                  000153a0    00000020              : idl.o67 (.bios)
                  000153c0    00000020              : iom_stub.o67 (.bios)
                  000153e0    00000020              : log_printf.o67 (.bios)
                  00015400    00000020              : sts_set.o67 (.bios)
                  00015420    00000020              : sys_one.o67 (.bios)
                  00015440    00000020              : utl_doer.o67 (.bios)
                  00015460    00000020              : utl_halt.o67 (.bios)

.far       0    00015480    000022bc     UNINITIALIZED
                  00015480    00001000     sin_tables.obj (.far)
                  00016480    0000083c     dsp_top.obj (.far)
                  00016cbc    00000204     rc1_taps.obj (.far)
                  00016ec0    0000019a     c6x1x_edma_mcbsp.l67 : c6x1x_edma_mcbsp.o62 (.far)
                  0001705a    00000002     dsk6713bsl.lib : dsk6713.obj (.far)
                  0001705c    00000188     rts6700.lib : atexit.obj (.far)
                  000171e4    000000f4     csl6713.lib : csl_irq.obj (.far)
                  000172d8    000000d8     bios.a67 : knl.o67 (.far)
                  000173b0    0000007c     dsk6713_edma_aic23.l67 : dsk6713_edma_aic23.o64 (.far)
                  0001742c    0000005c     bios.a67 : tsk.o67 (.far)
                  00017488    00000054              : obj_init.o67 (.far)
                  000174dc    00000054     csl6713.lib : csl_edma.obj (.far)
                  00017530    00000050     bios.a67 : tsk_stup.o67 (.far)
                  00017580    00000040     csl6713.lib : csl_edmadsptr.obj (.far)
                  000175c0    00000040     rts6700.lib : cos.obj (.far)
                  00017600    00000040                 : sin.obj (.far)
                  00017640    00000038     csl6713.lib : csl_mcbsp.obj (.far)
                  00017678    00000020     bios.a67 : sys.o67 (.far)
                  00017698    00000020     dsk6713_edma_aic23.l67 : aic23.o64 (.far)
                  000176b8    0000001c     drivers.a67 : dio_cbDynamic.o67 (.far)
                  000176d4    0000001c     sioboth.a67 : sio.o67 (.far)
                  000176f0    00000010     bios.a67 : knl_tick.o67 (.far)
                  00017700    0000000c              : hwi_disp.o67 (.far)
                  0001770c    0000000c              : utl_putc.o67 (.far)
                  00017718    0000000c     rts6700.lib : exit.obj (.far)
                  00017724    00000008                 : _lock.obj (.far)
                  0001772c    00000004     bios.a67 : dev_init.o67 (.far)
                  00017730    00000004              : que_crea.o67 (.far)
                  00017734    00000004     csl6713.lib : csl_cache.obj (.far)
                  00017738    00000004     rts6700.lib : sinit.obj (.far)

.args      0    0001773c    00000004     
                  0001773c    00000004     --HOLE-- [fill = 0]

.cinit     0    00017740    000015e4     
                  00017740    000006dc     dsp_apcfg.obj (.cinit)
                  00017e1c    00000004     --HOLE-- [fill = 0]
                  00017e20    0000026c     bios.a67 : biosdata.o67 (.cinit)
                  0001808c    00000004     --HOLE-- [fill = 0]
                  00018090    0000020c     rc1_taps.obj (.cinit)
                  0001829c    00000004     --HOLE-- [fill = 0]
                  000182a0    000001a4     bios.a67 : knl.o67 (.cinit)
                  00018444    00000004     --HOLE-- [fill = 0]
                  00018448    0000012c     csl6713.lib : csl_irq.obj (.cinit)
                  00018574    00000004     --HOLE-- [fill = 0]
                  00018578    000000b0     bios.a67 : swi.o67 (.cinit)
                  00018628    00000090     dsk6713_edma_aic23.l67 : dsk6713_edma_aic23.o64 (.cinit)
                  000186b8    00000080     bios.a67 : tsk.o67 (.cinit)
                  00018738    00000070     csl6713.lib : csl_edma.obj (.cinit)
                  000187a8    00000062     c6x1x_edma_mcbsp.l67 : c6x1x_edma_mcbsp.o62 (.cinit)
                  0001880a    00000006     --HOLE-- [fill = 0]
                  00018810    00000060     bios.a67 : tsk_stup.o67 (.cinit)
                  00018870    0000005c     lnkrtdx.a67 : rtdx.o67 (.cinit)
                  000188cc    00000004     --HOLE-- [fill = 0]
                  000188d0    00000054     csl6713.lib : csl_mcbsp.obj (.cinit)
                  00018924    00000004     --HOLE-- [fill = 0]
                  00018928    00000054     dsp_top.obj (.cinit)
                  0001897c    00000004     --HOLE-- [fill = 0]
                  00018980    0000004c     bios.a67 : rta.o67 (.cinit)
                  000189cc    00000004     --HOLE-- [fill = 0]
                  000189d0    0000004c     rtdx.lib : buffer1.o62 (.cinit)
                  00018a1c    00000004     --HOLE-- [fill = 0]
                  00018a20    00000048     csl6713.lib : csl_edmadsptr.obj (.cinit)
                  00018a68    00000048     rts6700.lib : cos.obj (.cinit)
                  00018ab0    00000048                 : sin.obj (.cinit)
                  00018af8    00000034     bios.a67 : hwi.o67 (.cinit)
                  00018b2c    00000004     --HOLE-- [fill = 0]
                  00018b30    0000002c              : utl_putc.o67 (.cinit)
                  00018b5c    00000004     --HOLE-- [fill = 0]
                  00018b60    0000002c     rts6700.lib : exit.obj (.cinit)
                  00018b8c    00000004     --HOLE-- [fill = 0]
                  00018b90    00000028     dsk6713_edma_aic23.l67 : aic23.o64 (.cinit)
                  00018bb8    00000024     bios.a67 : obj_init.o67 (.cinit)
                  00018bdc    00000004     --HOLE-- [fill = 0]
                  00018be0    00000024     drivers.a67 : dio_cbDynamic.o67 (.cinit)
                  00018c04    00000004     --HOLE-- [fill = 0]
                  00018c08    00000024     sioboth.a67 : sio.o67 (.cinit)
                  00018c2c    00000004     --HOLE-- [fill = 0]
                  00018c30    0000001c     bios.a67 : sys.o67 (.cinit)
                  00018c4c    00000004     --HOLE-- [fill = 0]
                  00018c50    0000001c     rts6700.lib : _lock.obj (.cinit)
                  00018c6c    00000004     --HOLE-- [fill = 0]
                  00018c70    0000001c                 : atexit.obj (.cinit)
                  00018c8c    00000004     --HOLE-- [fill = 0]
                  00018c90    00000018     bios.a67 : knl_tick.o67 (.cinit)
                  00018ca8    00000014              : hwi_disp.o67 (.cinit)
                  00018cbc    00000004     --HOLE-- [fill = 0]
                  00018cc0    0000000c              : gbl_setL2CacheMode.o67 (.cinit)
                  00018ccc    00000004     --HOLE-- [fill = 0]
                  00018cd0    0000000c              : idl_busy.o67 (.cinit)
                  00018cdc    00000004     --HOLE-- [fill = 0]
                  00018ce0    0000000c              : knl_swit.o67 (.cinit)
                  00018cec    00000004     --HOLE-- [fill = 0]
                  00018cf0    0000000c              : que_crea.o67 (.cinit)
                  00018cfc    00000004     --HOLE-- [fill = 0]
                  00018d00    0000000c     csl6713.lib : csl_cache.obj (.cinit)
                  00018d0c    00000004     --HOLE-- [fill = 0]
                  00018d10    0000000c     rts6700.lib : sinit.obj (.cinit)
                  00018d1c    00000004     --HOLE-- [fill = 0]
                  00018d20    00000004     (.pad.cinit) [fill = 0]

.log       0    00018d24    00000018     
                  00018d24    00000018     dsp_apcfg.obj (.log)

.mem       0    00018d3c    00000004     UNINITIALIZED
                  00018d3c    00000004     dsp_apcfg.obj (.mem)

.rtdx_text 
*          0    00018d40    00000ea0     
                  00018d40    00000400     rtdx.lib : rtdx_mon.o62 (.rtdx_text:_RTDX_Poll)
                  00019140    00000340              : buffer1.o62 (.rtdx_text:_RTDX_Buffer_WriteCB)
                  00019480    00000300              : buffer1.o62 (.rtdx_text:_RTDX_write_next)
                  00019780    00000140              : rtdx_mon.o62 (.rtdx_text:_RTDX_Mon_Queue)
                  000198c0    000000e0              : buffer1.o62 (.rtdx_text:_claim)
                  000199a0    00000080              : rtdx_mon.o62 (.rtdx_text:_RTDX_Init_RT_Monitor)
                  00019a20    00000060              : buffer1.o62 (.rtdx_text:_RTDX_Buffer_Initialize)
                  00019a80    00000060              : buffer2.o62 (.rtdx_text:_RTDX_Buffer_ReadCB)
                  00019ae0    00000040              : buffer1.o62 (.rtdx_text:_RTDX_Buffer_Size)
                  00019b20    00000040              : rtdx_mon.o62 (.rtdx_text:_RTDX_Final_RT_Monitor)
                  00019b60    00000020              : buffer2.o62 (.rtdx_text:_RTDX_Buffer_Read)
                  00019b80    00000020              : buffer1.o62 (.rtdx_text:_RTDX_Buffer_Write)
                  00019ba0    00000020              : rtdx_mon.o62 (.rtdx_text:_RTDX_checksum)
                  00019bc0    00000020              : intr_tgt.o62 (.rtdx_text)

.sysinit   0    00019be0    000006c0     
                  00019be0    00000300     dsp_apcfg.obj (.sysinit)
                  00019ee0    00000160     bios.a67 : dev_init.o67 (.sysinit)
                  0001a040    000000e0              : mem_init.o67 (.sysinit)
                  0001a120    000000c0              : boot.o67 (.sysinit)
                  0001a1e0    00000080              : tsk_init.o67 (.sysinit)
                  0001a260    00000020              : obj_init.o67 (.sysinit)
                  0001a280    00000020     drivers.a67 : dio.o67 (.sysinit)

.rtdx_data 
*          0    0001a2a0    0000044c     UNINITIALIZED
                  0001a2a0    00000410     dsp_apcfg.obj (.rtdx_data)
                  0001a6b0    00000020     rtdx.lib : buffer1.o62 (.rtdx_data)
                  0001a6d0    0000001c              : rtdx_mon.o62 (.rtdx_data)

.TSK_idle$stk 
*          0    0001a6f0    00000400     UNINITIALIZED
                  0001a6f0    00000400     dsp_apcfg.obj (.TSK_idle$stk)

.stack     0    0001aaf0    00000400     UNINITIALIZED
                  0001aaf0    00000400     --HOLE--

.const     0    0001aef0    000003a9     
                  0001aef0    000001a0     dsp_top.obj (.const:.string)
                  0001b090    0000004e     bios.a67 : tsk_stup.o67 (.const)
                  0001b0de    00000002     --HOLE-- [fill = 0]
                  0001b0e0    00000038     delay.obj (.const:.string)
                  0001b118    00000038     fir.obj (.const:.string)
                  0001b150    00000030     dsk6713_edma_aic23.l67 : dsk6713_edma_aic23.o64 (.const)
                  0001b180    0000002c     pll.obj (.const:.string)
                  0001b1ac    00000023     bios.a67 : utl_doab.o67 (.const)
                  0001b1cf    00000022              : utl_doer.o67 (.const)
                  0001b1f1    00000020              : dev_init.o67 (.const)
                  0001b211    00000003     --HOLE-- [fill = 0]
                  0001b214    00000020     csl6713.lib : csl_cache.obj (.const)
                  0001b234    00000020     dsk6713bsl.lib : dsk6713.obj (.const)
                  0001b254    00000020     dsp_apcfg.obj (.const)
                  0001b274    00000018     c6x1x_edma_mcbsp.l67 : c6x1x_edma_mcbsp.o62 (.const)
                  0001b28c    00000004     bios.a67 : mem_allo.o67 (.const)
                  0001b290    00000004              : mem_free.o67 (.const)
                  0001b294    00000004     sioboth.a67 : sio_crea.o67 (.const)
                  0001b298    00000001     bios.a67 : tsk.o67 (.const)

.printf    0    0001b299    00000059     COPY SECTION
                  0001b299    00000059     dsp_apcfg.obj (.printf)

.bss       0    0001b29c    0000037c     UNINITIALIZED
                  0001b29c    00000100     bios.a67 : hwi_disp_asm.o67 (.bss)
                  0001b39c    000000cc              : biosdata.o67 (.bss)
                  0001b468    0000009c              : swi.o67 (.bss)
                  0001b504    00000048              : knl.o67 (.bss)
                  0001b54c    00000044     dsp_apcfg.obj (.bss)
                  0001b590    00000018     bios.a67 : hwi.o67 (.bss)
                  0001b5a8    00000018     lnkrtdx.a67 : rtdx.o67 (.bss)
                  0001b5c0    00000010     rtdx.lib : buffer1.o62 (.bss)
                  0001b5d0    0000000c     bios.a67 : tsk.o67 (.bss)
                  0001b5dc    0000000c     dsp_ap.obj (.bss)
                  0001b5e8    0000000c     dsp_top.obj (.bss)
                  0001b5f4    00000008     bios.a67 : clk_data.o67 (.bss)
                  0001b5fc    00000008              : sys.o67 (.bss)
                  0001b604    00000004              : clk_data2.o67 (.bss)
                  0001b608    00000004              : dev_init.o67 (.bss)
                  0001b60c    00000004              : gbl_setL2CacheMode.o67 (.bss)
                  0001b610    00000004              : idl_busy.o67 (.bss)
                  0001b614    00000004              : mem_asm.o67 (.bss)

.trace     0    0001b618    00000200     
                  0001b618    00000200     --HOLE-- [fill = 00000000]

.pip       0    0001b818    000000c8     UNINITIALIZED
                  0001b818    000000c8     dsp_apcfg.obj (.pip)

.hst1      0    0001b8e0    00000010     UNINITIALIZED
                  0001b8e0    00000010     dsp_apcfg.obj (.hst1)

.idl       0    0001b8f0    00000010     UNINITIALIZED
                  0001b8f0    00000010     dsp_apcfg.obj (.idl)

.LOG_system$buf 
*          0    0001b900    00000100     UNINITIALIZED
                  0001b900    00000100     dsp_apcfg.obj (.LOG_system$buf)

.hst0      0    0001ba00    00000100     UNINITIALIZED
                  0001ba00    00000100     dsp_apcfg.obj (.hst0)

.tsk       0    0001bb00    00000060     UNINITIALIZED
                  0001bb00    00000060     dsp_apcfg.obj (.tsk)

.swi       0    0001bb60    00000058     UNINITIALIZED
                  0001bb60    00000058     dsp_apcfg.obj (.swi)

.devtable 
*          0    0001bbb8    00000048     UNINITIALIZED
                  0001bbb8    00000048     dsp_apcfg.obj (.devtable)

.gblinit   0    0001bc00    00000040     
                  0001bc00    00000040     dsp_apcfg.obj (.gblinit)

.sts       0    0001bc40    00000040     
                  0001bc40    00000040     dsp_apcfg.obj (.sts)

.hst       0    0001bc80    0000003c     UNINITIALIZED
                  0001bc80    0000003c     dsp_apcfg.obj (.hst)

.switch    0    0001bcbc    00000028     
                  0001bcbc    00000028     rtdx.lib : rtdx_mon.o62 (.switch)

.idlcal    0    0001bce4    00000010     UNINITIALIZED
                  0001bce4    00000010     dsp_apcfg.obj (.idlcal)

.sys       0    0001bcf4    00000010     UNINITIALIZED
                  0001bcf4    00000010     dsp_apcfg.obj (.sys)

.pinit     0    0001bd04    0000000c     
                  0001bd04    00000004     rtdx.lib : buffer1.o62 (.pinit)
                  0001bd08    00000004              : rtdx_mon.o62 (.pinit)
                  0001bd0c    00000004     --HOLE-- [fill = 0]

.trcdata   0    0001bd10    0000000c     
                  0001bd10    0000000c     bios.a67 : trc.o67 (.trcdata)

.clk       0    0001bd1c    00000008     UNINITIALIZED
                  0001bd1c    00000008     dsp_apcfg.obj (.clk)

.dio       0    0001bd24    00000008     UNINITIALIZED
                  0001bd24    00000008     dsp_apcfg.obj (.dio)

.SDRAM$heap 
*          0    80000000    00800000     UNINITIALIZED
                  80000000    00800000     --HOLE--


GLOBAL SYMBOLS: SORTED ALPHABETICALLY BY Name 

address    name
--------   ----
0001b29c   $bss
0001b29c   .bss
00000000   .data
00008200   .text
00019d9c   BIOS$$CLKOFF
00019d5c   BIOS$$CLKON
00019be0   BIOS_init
00019e1c   BIOS_start
00000000   BUF$
00000001   BUF_ENABLED
ffffffff   CACHE_L2
00000001   CLK$
0001bd1c   CLK_A_TABBEG
00000001   CLK_CALDIV
00000004   CLK_CALMULT
0000dbba   CLK_COUNTSPMS
00000000   CLK_COUNTSPMSHIGH
0001b3c4   CLK_D_idletime
0001b3c0   CLK_D_isrhook
0001b3bc   CLK_D_tabbeg
0001b3b8   CLK_D_timefxn
000148e0   CLK_F_getfhtime
00014900   CLK_F_gethtime
00013400   CLK_F_getltime
00014900   CLK_F_getshtime
00013414   CLK_F_isr
00013574   CLK_F_itime
00010d00   CLK_HOOKFXN
00000001   CLK_HTIMEDIV
00000004   CLK_HTIMEMULT
0000dbba   CLK_HTIMEPERLTIME
00004000   CLK_INTBIT
00000001   CLK_LTIMEDIV
00036ee8   CLK_LTIMEMULT
000003e8   CLK_MICROSECS
0000dbba   CLK_PRD
00000000   CLK_PRDHIGH
01940000   CLK_REGS
0001b3b4   CLK_R_time
00000020   CLK_TCR
00000000   CLK_TDDR
00000000   CLK_TDDRHIGH
00014900   CLK_TIMEFXN
00000000   CLK_TIMERNUM
00000001   CLK_USETIMER
0001bd20   CLK_null
00000000   DEV$
00000000   DGN$
00000000   DHL$
00000000   DHL_gChannelsAvailable
00000001   DIO$
00000000   DIO_NUMSWIBASE
00000000   DIO_NUMTSKBASE
00000000   DIO_STATIC
0001bbe8   DIO_dioCodec$device
0001bbdc   DIO_dioCodec$obj
00000000   DPI$
00014c00   FXN_F_nop
00014c08   FXN_F_run
00014c58   FXN_F_zero
00000001   GBL$
00005205   GBL_A_VERSION
00000000   GBL_BIGENDIAN
00000000   GBL_C641XL2PRIORITY
00000000   GBL_CACHE
00000001   GBL_CALLCSLCFGINIT
00004e20   GBL_CLKIN
00001770   GBL_CLKTYPE
00001a39   GBL_DSPSUBTYPE
0000003e   GBL_DSPTYPE
00000001   GBL_ENABLEINST
00000042   GBL_FOOTPRINT
00036ee8   GBL_FREQ
00002226   GBL_L2ALLOC
00000000   GBL_L2CONFIGALLOC
00000001   GBL_L2CONFIGURE
00000001   GBL_L2MARMASK
00000000   GBL_L2MARMASK1
00000000   GBL_L2MARMASK2
00000000   GBL_L2MARMASK3
00000000   GBL_L2MARMASK4
00000000   GBL_L2MARMASK5
00000007   GBL_L2MODE
00000000   GBL_L2PRIORITY
00000000   GBL_NULL
00000000   GBL_PROCID
00000000   GBL_ROM
00000000   GBL_SUPPORTCSL
0000dbef   GBL_TRCMASKVALUE
00000001   GBL_USERINIT
0000dd68   GBL_USERINITFXN
00000001   GBL_boot
0001bd18   GBL_initdone
0001aaf0   GBL_stackbeg
0001aeef   GBL_stackend
00000000   GIO$
00015360   GIO_CREATEFXN
00015360   GIO_DELETEFXN
00015360   GIO_PENDFXN
00015360   GIO_POSTFXN
00000000   HOOK$
00000000   HOOK_KNLID
00000001   HST$
0001bc80   HST_A_TABBEG
0001bcbc   HST_A_TABEND
00000000   HST_DSM
0001b564   HST_DSMBUFSEG
00000400   HST_DSMMEMSIZE
0001b430   HST_D_chanmask
0001b434   HST_D_tabbeg
0001b438   HST_D_tabend
000000ff   HST_MAXFRAMEALLOWED
00000040   HST_MAXFRAMESET
00000000   HST_NONE
00000001   HST_RTDX
00000001   HWI$
00000000   HWI_A_VECS
00004008   HWI_CFGDISPATCHED
0001b5a0   HWI_D_bss
0001b5a4   HWI_D_ccmask
0001b590   HWI_D_spsave
00010d00   HWI_F_dispatch
00000000   HWI_GENERATE_RESET_VEC
0000000a   HWI_INT10
00000000   HWI_INT10$hwi
0000000b   HWI_INT11
00000000   HWI_INT11$hwi
0000000c   HWI_INT12
00000000   HWI_INT12$hwi
0000000d   HWI_INT13
00000000   HWI_INT13$hwi
0000000e   HWI_INT14
00000000   HWI_INT14$hwi
0000000f   HWI_INT15
00000000   HWI_INT15$hwi
00000004   HWI_INT4
00000000   HWI_INT4$hwi
00000005   HWI_INT5
00000000   HWI_INT5$hwi
00000006   HWI_INT6
00000000   HWI_INT6$hwi
00000007   HWI_INT7
00000000   HWI_INT7$hwi
00000008   HWI_INT8
00000000   HWI_INT8$hwi
00000009   HWI_INT9
00000000   HWI_INT9$hwi
082039a3   HWI_INTRMULTHIGH
310718a4   HWI_INTRMULTLOW
00000001   HWI_NMI
00000000   HWI_NMI$hwi
00000000   HWI_POLARITYMASK
00000002   HWI_RESERVED0
00000000   HWI_RESERVED0$hwi
00000003   HWI_RESERVED1
00000000   HWI_RESERVED1$hwi
00000000   HWI_RESET
00000000   HWI_RESET$hwi
00000001   HWI_ZEROTAB
00000001   IDL$
0001bce4   IDL_A_CALBEG
0001b8f0   IDL_A_TABBEG
00000006   IDL_CALIBRERROR
00015260   IDL_CALIBRFXN
0001b610   IDL_D_busyObj
0001b3a4   IDL_D_calbeg
0001b3a0   IDL_D_calibrate
0001b39c   IDL_D_tabbeg
0001b8fc   IDL_END
0001bcf0   IDL_END$
00014c80   IDL_F_busy
00014e80   IDL_F_calibrate
000153a0   IDL_F_loop
00015260   IDL_F_stub
00000001   IDL_USECLKIDLTIME
0001bc74   IDL_busyObj
0001b2ed   IDL_busyObj$avgfmt
00000001   IDL_busyObj$filter
00000001   IDL_busyObj$iA
00000000   IDL_busyObj$iB
00000001   IDL_busyObj$iC
0001b2e7   IDL_busyObj$maxfmt
00000000   IDL_busyObj$operation
0001bc70   IDL_busyObj$stsobj
0001b2ea   IDL_busyObj$sumfmt
00000002   IDL_busyObj$unittype
0001b8f8   IDL_cpuLoad
0001bcec   IDL_cpuLoad$
0001b564   IRAM
00000200   IRAM$B
00008000   IRAM$L
00000001   ISRC$
000133c0   KNL_glue
0001bb60   KNL_swi
00000001   KNL_swi$dorta
00000000   KNL_swi$ord
00000000   KNL_swi$pri
0001bc44   KNL_swi$sts
0001b2a9   KNL_swi$sts$avgfmt
00000002   KNL_swi$sts$filter
00000001   KNL_swi$sts$filtmaxmult
00000001   KNL_swi$sts$filtsummult
0001b299   KNL_swi$sts$maxfmt
0001bc40   KNL_swi$sts$stsobj
0001b2a1   KNL_swi$sts$sumfmt
00000000   KNL_swi$sts$unittype
00000000   KNL_swi$swi
00000001   LCK$
0000fbe0   LNK_F_checkBufferCall
0000fc60   LNK_F_dataPump
0000fc00   LNK_F_getChanPtr
0000fc58   LNK_F_init
000101a4   LNK_F_readCallBack
0001b8f0   LNK_dataPump
0001bce4   LNK_dataPump$
0001b5ac   LNK_dspFrameReadyMask
0001b5a8   LNK_dspFrameRequestMask
0000ff00   LNK_newin
00010040   LNK_newout
0000fc74   LNK_rcloop
0000fd40   LNK_rdrtry
0001b5b4   LNK_readDone
0001b5b8   LNK_readFail
0001b5b0   LNK_readPend
0000fd50   LNK_rrloop
0001b5bc   LNK_writeFail
0000fe24   LNK_wrloop
0000fe14   LNK_wrrtry
00000001   LOG$
00018d24   LOG_A_TABBEG
00018d3c   LOG_A_TABEND
00000001   LOG_A_TABLEN
0001b3a8   LOG_D_system
00000001   LOG_ENABLED
00014d00   LOG_F_event
00018d24   LOG_system
0001b900   LOG_system$buf
00000000   LOG_system$datatype
00000000   LOG_system$log
00000040   LOG_system$size
00000000   MBX$
00000001   MEM$
0001b564   MEM_MALLOCSEG
00000000   MEM_NULL
0001b564   MEM_SEGZERO
00000000   MEM_USEMPC
00000002   MEM_gNumHeap
00000000   MSGQ$
00000000   MSGQ_USEMSGQ
00000000   OBJ$
00000000   PIP$
0001b818   PIP_A_TABBEG
0001b8e0   PIP_A_TABEND
00000002   PIP_A_TABLEN
0001b3ac   PIP_D_tabbeg
0001b3b0   PIP_D_tablen
00012c74   PIP_F_give
00012c74   PIP_F_probe
00012d48   PIP_F_start
00012be0   PIP_F_take
00000064   PIP_OBJSIZE
00000000   PIP_gNextId
00000002   PIP_gNumEmbed
00000000   POOL$
00000000   POOL_USEPOOL
00000001   PRD$
00000000   PRD_A_TABBEG
00000000   PRD_A_TABEND
00000000   PRD_A_TABLEN
0001b3ec   PRD_D_cur
0001b3f0   PRD_D_elapsed
0001b3f4   PRD_D_prevtim
0001b3f8   PRD_D_scalar
0001b3fc   PRD_D_swihandle
0001b400   PRD_D_tabbeg
0001b404   PRD_D_tablen
0001b408   PRD_D_thook
0001b3e8   PRD_D_tick
000115c0   PRD_F_swi
00011880   PRD_F_tick
00004000   PRD_SCALAR
00000000   PRD_SWIHANDLE
00012bc0   PRD_THOOKFXN
0001bd1c   PRD_clock
00000001   QUE$
0001b40c   RTA_D_fromHost
0001b414   RTA_D_logval
0001b424   RTA_D_stsval
0001b410   RTA_D_toHost
000152a0   RTA_F_andn
00011ff8   RTA_F_dispatch
00011f00   RTA_F_getlog
00011f44   RTA_F_getsts
000152c0   RTA_F_or
00011f8c   RTA_F_readblk
00011fb8   RTA_F_resetmem
00011fac   RTA_F_writeword
0001b8f4   RTA_dispatcher
0001bce8   RTA_dispatcher$
00012048   RTA_execute
0001bc84   RTA_fromHost
0001b8e0   RTA_fromHost$buf
00000004   RTA_fromHost$framesize
00000000   RTA_fromHost$hst
00000001   RTA_fromHost$id
00000000   RTA_fromHost$mode
0001b818   RTA_fromHost$pipe
0001b848   RTA_fromHost$pipe$aaa
0001b878   RTA_fromHost$pipe$bbb
0001b56c   RTA_fromHost$pipe$dtab
0001b81c   RTA_fromHost$pipe$rd
0001b84c   RTA_fromHost$pipe$wr
0001bc8c   RTA_fromHost$rtdx
0001bca0   RTA_toHost
0001ba00   RTA_toHost$buf
00000040   RTA_toHost$framesize
00000000   RTA_toHost$hst
00000000   RTA_toHost$id
00000001   RTA_toHost$mode
0001b87c   RTA_toHost$pipe
0001b8ac   RTA_toHost$pipe$aaa
0001b8dc   RTA_toHost$pipe$bbb
0001b578   RTA_toHost$pipe$dtab
0001b880   RTA_toHost$pipe$rd
0001b8b0   RTA_toHost$pipe$wr
0001bca8   RTA_toHost$rtdx
00000001   RTDX$
00000408   RTDX_BUFMEMSIZE
0001b564   RTDX_DATAMEMSEG
00000000   RTDX_MODE
00000001   RTDX_NORMALIZED_HDR
00000001   RTDX_USERTDX
00000000   RTDX_USERTEXECUTION
0001b568   SDRAM
80000000   SDRAM$B
00800000   SDRAM$L
00000000   SEM$
00000000   SIO$
00000001   STS$
0001bc40   STS_A_TABBEG
0001bc80   STS_A_TABEND
00014db8   STS_F_add
00014d80   STS_F_delta
00014de4   STS_F_reset
00000001   SWI$
0001bb60   SWI_A_TABBEG
0001bbb8   SWI_A_TABEND
00000002   SWI_A_TABLEN
0001b480   SWI_D_curfxn
0001b470   SWI_D_curmask
0001b47c   SWI_D_curmbox
0001b474   SWI_D_curset
0001b46c   SWI_D_execaddr
0001b488   SWI_D_inswi
0001b478   SWI_D_lock
0001b484   SWI_D_rdybeg
0001b48c   SWI_D_rdytab
0001b468   SWI_D_runaddr
00000000   SWI_EHOOKFXN
000109dc   SWI_EXECFXN
000107c0   SWI_F_enable
000109dc   SWI_F_exec
00010a08   SWI_F_iexec
00010830   SWI_F_post
00010a98   SWI_F_run
00000000   SWI_IHOOKFXN
00010a98   SWI_RUNFXN
00000001   SYS$
0001bcf4   SYS$config
000152e0   SYS_ABORTFXN
00015440   SYS_ERRORFXN
00015460   SYS_EXITFXN
000151a0   SYS_PUTCFXN
0001bd14   TRC_R_mask
0001bd10   TRC_cinit
00000001   TSK$
00000000   TSK_NUM_HOOKS
00000001   TSK_PRIORITY
00000000   TSK_READYFXN
0001b564   TSK_STACKSEG
00000400   TSK_STACKSIZE
00000000   TSK_SWITCHFXN
00015360   TSK_VCREATEFXN
00015360   TSK_VDELETEFXN
00015360   TSK_VEXITFXN
0001bb0c   TSK_idle
00000000   TSK_idle$ord
00000000   TSK_idle$pri
0001a6f0   TSK_idle$stack
0001aa88   TSK_idle$stkptr
0001bc64   TSK_idle$sts
0001b2dd   TSK_idle$sts$avgfmt
00000002   TSK_idle$sts$filter
00000001   TSK_idle$sts$filtmaxmult
00000001   TSK_idle$sts$filtsummult
0001b2cd   TSK_idle$sts$maxfmt
0001bc60   TSK_idle$sts$stsobj
0001b2d5   TSK_idle$sts$sumfmt
00000000   TSK_idle$sts$unittype
00000000   TSK_idle$tsk
00000001   UDEV$
0001bbc4   UDEV_udevCodec$device
0001bbb8   UDEV_udevCodec$obj
0000d280   _AIC23_setParams
00014a40   _ATM_andi
00014a40   _ATM_andu
00014a60   _ATM_cleari
00014a60   _ATM_clearu
00014a78   _ATM_deci
00014a78   _ATM_decu
00014a94   _ATM_inci
00014a94   _ATM_incu
00014ab0   _ATM_ori
00014ab0   _ATM_oru
00014acc   _ATM_seti
00014acc   _ATM_setu
00019be0   _BIOS_init
00019e1c   _BIOS_start
00013bac   _C62_dispatchPlug
00013ba0   _C62_plug
00017038   _C6X1X_EDMA_MCBSP_FXNS
0000e620   _C6X1X_EDMA_MCBSP_init
ffffffff   _CACHE_L2
0000dbc0   _CACHE_clean
0000c8c0   _CACHE_flush
0000dbba   _CLK_COUNTSPMS
0001b5f4   _CLK_DFLTMICROSECS
0001b3e4   _CLK_D_countspms
0001b3d8   _CLK_D_dirty
0001b5f8   _CLK_D_microseconds
0001b3dc   _CLK_D_prd
0001b3e0   _CLK_D_tddr
00013574   _CLK_F_itime
0000dbba   _CLK_PRD
01940000   _CLK_REGS
00000000   _CLK_TDDR
00000000   _CLK_TIMERNUM
00000001   _CLK_USETIMER
0001b3c8   _CLK_htimeDiv
0001b3cc   _CLK_htimeMult
0001b604   _CLK_htimePerLtime
00013574   _CLK_itime
0001b3d0   _CLK_ltimeDiv
0001b3d4   _CLK_ltimeMult
00014440   _CLK_measure
00015200   _CLK_start
00015320   _CLK_stop
0001772c   _DEV_D_devinit
0001b584   _DEV_devinit
00019ee0   _DEV_init
00013cc0   _DEV_match
00013dc0   _DEV_mkframe
00014b80   _DEV_rmframe
0000d564   _DIO_cbCallback
000176b8   _DIO_cbDynamicFxns
0000d6b0   _DIO_cbIdle
0000d5e0   _DIO_cbIssue
0000d544   _DIO_cbReady
0000d4c0   _DIO_cbReclaim
0000f8a0   _DIO_ctrl
0001a280   _DIO_init
000173b8   _DSK6713_EDMA_AIC23_DEVPARAMS
000173f4   _DSK6713_EDMA_AIC23_FXNS
0000bb6c   _DSK6713_EDMA_AIC23_init
0000b7d4   _DSK6713_getVersion
0000b40c   _DSK6713_init
0000b728   _DSK6713_rget
0000b73c   _DSK6713_rset
0001705a   _DSK6713_version
0000b750   _DSK6713_wait
0000b7a8   _DSK6713_waitusec
0000d880   _EDMA_allocTable
0000e3e0   _EDMA_allocTableEx
0000f200   _EDMA_close
0000eb60   _EDMA_config
0000f5a0   _EDMA_disableChannel
0000f600   _EDMA_enableChannel
0000f520   _EDMA_freeTable
0000efc0   _EDMA_freeTableEx
0000e860   _EDMA_intAlloc
0000fa40   _EDMA_intClear
0000fa60   _EDMA_intDefaultHandler
0000f660   _EDMA_intDisable
0000ec40   _EDMA_intDispatcher
0000f6c0   _EDMA_intEnable
0000f900   _EDMA_intFree
0000f720   _EDMA_intHook
0000f940   _EDMA_link
0000cb60   _EDMA_open
0000f780   _EDMA_qdmaConfig
0000e020   _EDMA_reset
00015360   _FXN_F_nop
00014c08   _FXN_F_run
00014c58   _FXN_F_zero
00000000   _GBL_CACHE
0001b440   _GBL_clkIn
000140c0   _GBL_cslCacheInit
0001b444   _GBL_freq
00015380   _GBL_getVersion
0001b43c   _GBL_procId
0000dd68   _GBL_setPLLto225MHz
0001bc80   _HST_A_TABBEG
0001bcbc   _HST_A_TABEND
00017700   _HWI_ATTRS
00004008   _HWI_CFGDISPATCHED
0001b59c   _HWI_D_inhwi
0001b590   _HWI_D_spsave
00010d00   _HWI_F_dispatch
0000000a   _HWI_INT10
0000000b   _HWI_INT11
0000000c   _HWI_INT12
0000000d   _HWI_INT13
0000000e   _HWI_INT14
0000000f   _HWI_INT15
00000004   _HWI_INT4
00000005   _HWI_INT5
00000006   _HWI_INT6
00000007   _HWI_INT7
00000008   _HWI_INT8
00000009   _HWI_INT9
00000001   _HWI_NMI
00000002   _HWI_RESERVED0
00000003   _HWI_RESERVED1
00000000   _HWI_RESET
0001aee8   _HWI_STKBOTTOM
0001aaf0   _HWI_STKTOP
0001b590   _HWI_data
00014f60   _HWI_disable
00014ae0   _HWI_dispatchPlug
0001b29c   _HWI_dispatchTab
00014f78   _HWI_enable
00014f8c   _HWI_restore
0001bc74   _IDL_busyObj
0001b8f8   _IDL_cpuLoad
000153a0   _IDL_loop
000153c0   _IOM_mdNotImpl
0001b564   _IRAM
00000200   _IRAM_base
00008000   _IRAM_length
0000f980   _IRQ_enable
0000fa80   _IRQ_globalDisable
0000faa0   _IRQ_globalRestore
0000d6c0   _IRQ_map
0001b50c   _KNL_alarm
00013a60   _KNL_check
0001b530   _KNL_curqueue
0001b520   _KNL_curtask
0001b528   _KNL_curtime
00017378   _KNL_dummy
000141f4   _KNL_enter
000141a0   _KNL_exit
00013b38   _KNL_idle
0001b548   _KNL_idlefxn
0001b514   _KNL_inactive
00014520   _KNL_ipost
00013b5c   _KNL_max
0001b534   _KNL_maxqueue
000145e0   _KNL_post
0001b524   _KNL_prevtask
0001b518   _KNL_priority
000172d8   _KNL_queues
00011c40   _KNL_run
00013240   _KNL_saveIsrFrame
0001b51c   _KNL_set
0001b510   _KNL_setpri
0001bb60   _KNL_swi
0001b52c   _KNL_swiptr
0001330c   _KNL_switch
0001b53c   _KNL_tcreatefxn
0001b540   _KNL_tdeletefxn
00012bc0   _KNL_tick
0001b544   _KNL_treadyfxn
0001b538   _KNL_tswitchfxn
0001b504   _KNL_wFlag
0001b508   _KNL_wList
000146d0   _LCK_pend
000146a0   _LCK_post
0001b8f0   _LNK_dataPump
0001b5ac   _LNK_dspFrameReadyMask
0001b5a8   _LNK_dspFrameRequestMask
0001b5b4   _LNK_readDone
0001b5b8   _LNK_readFail
0001b5b0   _LNK_readPend
0001b5bc   _LNK_writeFail
00018d24   _LOG_A_TABBEG
00018d3c   _LOG_A_TABEND
00000001   _LOG_A_TABLEN
0001b3a8   _LOG_D_system
00014d00   _LOG_event
000153e0   _LOG_printf
00018d24   _LOG_system
0000f2a0   _MCBSP_close
0000f340   _MCBSP_config
0000fac0   _MCBSP_getRcvAddr
0000fae0   _MCBSP_getXmtAddr
0000e960   _MCBSP_open
0000da20   _MCBSP_reset
0000ea60   _MCBSP_start
0000fb00   _MCBSP_write
0000fb20   _MCBSP_xempty
0000fb40   _MCBSP_xrdy
0001b614   _MEM
0001b448   _MEM_D_NUMSEGMENTS
0001b450   _MEM_D_freelist
0001b454   _MEM_D_lockaddr
0001b44c   _MEM_D_memtab
0001b458   _MEM_D_unlockaddr
00012480   _MEM_alloc
00012700   _MEM_free
0001a040   _MEM_init
0001b54c   _MEM_memtab
000149a0   _MEM_valloc
00014760   _OBJ_create
00014fc0   _OBJ_delete
0001a260   _OBJ_init
000174c0   _OBJ_segtab
00017488   _OBJ_table
0001b818   _PIP_A_TABBEG
0001b8e0   _PIP_A_TABEND
0001b3e8   _PRD_D_tick
0001bd1c   _PRD_clock
00017730   _QUE_ATTRS
00015020   _QUE_create
00015080   _QUE_get
000150a8   _QUE_put
0001b8f4   _RTA_dispatcher
0001bc84   _RTA_fromHost
0001bca0   _RTA_toHost
0001a2a0   _RTDX_Buffer
0001a6ac   _RTDX_Buffer_End
00019a20   _RTDX_Buffer_Initialize
00019b60   _RTDX_Buffer_Read
00019a80   _RTDX_Buffer_ReadCB
00019ae0   _RTDX_Buffer_Size
0001a6a8   _RTDX_Buffer_Start
00019b80   _RTDX_Buffer_Write
00019140   _RTDX_Buffer_WriteCB
00019b20   _RTDX_Final_RT_Monitor
000199a0   _RTDX_Init_RT_Monitor
00000002   _RTDX_JTAGONLY
00019bc0   _RTDX_Mask_IER
00019780   _RTDX_Mon_Queue
00018d40   _RTDX_Poll
00000000   _RTDX_interrupt_mask
0001a6bc   _RTDX_writing
0001b568   _SDRAM
80000000   _SDRAM_base
00800000   _SDRAM_length
000150e0   _SEM_pend
000121c0   _SEM_pendEnterKnl
00014360   _SEM_post
00014360   _SEM_postBinary
00014280   _SEM_postEnterKnl
0000e740   _SIN_init
000176d4   _SIO_ATTRS
00011160   _SIO_create
00011960   _SIO_delete
00013ec0   _SIO_issue
00013fc0   _SIO_reclaim
0001bc40   _STS_A_TABBEG
0001bc80   _STS_A_TABEND
00014db8   _STS_add
00014d80   _STS_delta
00014de4   _STS_reset
00015400   _STS_set
0001b480   _SWI_D_curfxn
0001b470   _SWI_D_curmask
0001b474   _SWI_D_curset
0001b46c   _SWI_D_execaddr
0001b488   _SWI_D_inswi
0001b478   _SWI_D_lock
0001b484   _SWI_D_rdybeg
0001b468   _SWI_D_runaddr
00014e00   _SWI_andn
00014e00   _SWI_andnHook
0001b468   _SWI_data
00010830   _SWI_post
0001b45c   _SYS
0001b618   _SYS_PUTCBEG
0001b817   _SYS_PUTCEND
00015140   _SYS_abort
00014f00   _SYS_error
00014820   _SYS_exit
00017678   _SYS_exitStack
0001b5fc   _SYS_exitStackPtr
0001b600   _SYS_exitStackTop
0001542c   _SYS_one
00015420   _SYS_zero
0001bd14   _TRC_R_mask
0001b5d8   _TSK
0001742c   _TSK_ATTRS
00017448   _TSK_config
000135c0   _TSK_exit
0001bb0c   _TSK_idle
0001a1e0   _TSK_init
0001b5d0   _TSK_nTasks
0001b5d4   _TSK_pid
00013040   _TSK_setup
000139a0   _TSK_startup
00017468   _TSK_timerSem
000152e0   _UTL_doAbort
00015440   _UTL_doError
000151a0   _UTL_doPutc
00015460   _UTL_halt
00013590   __CLK_lat1beg
000135bc   __CLK_lat1end
0001b608   __DEV_D_NUMINITFXNS
0001b58c   __DEV_NUMINITFXNS
00010614   __GBL_setL2CacheMode
0001b464   __HOOK_NUMHOOKS
0001b460   __HOOK_knlId
00010d00   __HWI_lat1beg
00010e80   __HWI_lat1end
00010e80   __HWI_lat2beg
00011020   __HWI_lat2end1
00010fac   __HWI_lat2end2
00011040   __HWI_lat3beg
00011140   __HWI_lat3end1
00010fdc   __HWI_lat3end2
00014c80   __IDL_lat1beg
00014cd0   __IDL_lat1end
000172d0   __IRQ_dispatchTable
0001720c   __IRQ_eventTable
0000fbc0   __IRQ_hookFetchPacket
00017290   __IRQ_intTable
00013ab0   __KNL_lat1beg
00013b38   __KNL_lat1end
00014d00   __LOG_lat1beg
00017670   __MCBSP_hDev0
00017674   __MCBSP_hDev1
00017558   __MEM_mutex
00015080   __QUE_lat1beg
000150a0   __QUE_lat1end
000150a8   __QUE_lat2beg
000150c0   __QUE_lat2end
00011fb8   __RTA_lat1beg
00011ff0   __RTA_lat1end
00012e20   __SEM_dopost
0001aef0   __STACK_END
00000400   __STACK_SIZE
0001096c   __SWI_lat1beg
00010a20   __SWI_lat1end
00010a24   __SWI_lat2beg
00010a94   __SWI_lat2end
000107c0   __SWI_lat3beg
0001082c   __SWI_lat3end
00017530   __TSK_mutex
00017720   ___TI_enable_exit_profile_output
ffffffff   ___TI_pprof_out_hndl
ffffffff   ___TI_prof_data_size
ffffffff   ___TI_prof_data_start
0000f9c0   ___add_dtor
0001705c   ___atexit_func_id__
ffffffff   ___binit__
0001b29c   ___bss__
ffffffff   ___c_args__
00017740   ___cinit__
00000000   ___data__
00000000   ___edata__
0001b618   ___end__
0000fbe0   ___etext__
0001bd04   ___pinit__
00008200   ___text__
00013760   __auto_init
0000e2a0   __c6xabi_strasgi
00017718   __cleanup_ptr
0000a5c0   __divd
0000bf80   __divf
0001771c   __dtors_ptr
0000e160   __frcmpyd_div
0000f7e0   __llshru
00017724   __lock
0000f3e0   __mpyll
0000fb60   __nop
0000f080   __nround
0000fb80   __register_lock
0000fba0   __register_unlock
0001aaf0   __stack
0000ed20   __strasg
0000e2a0   __strasgi
0000fa00   __trunc
00017728   __unlock
00016480   _aic23param
0000ee00   _atexit
0001a120   _c_int00
0000dec0   _call_dtors
0000bc20   _cos
00015c80   _cos_table
0000cde0   _dsp_init
0000cf04   _dsp_process
00017738   _dtors
00009d40   _flash_error
0000f840   _floor
0001b5e8   _inStream
00009dec   _init
0000a140   _io
0000a580   _main
0000d040   _memcpy
0000e500   _memset
0000eee0   _modf
0001b5ec   _outStream
0000afec   _pll
0001b5dc   _pll1
0000ace0   _pll_init
0001b5e0   _plld
0001b5e4   _pllh
00016cbc   _rc1_taps
0001b5c8   _rtdxNullChanCnt
0001b5cc   _rtdxNullFuncCnt
0001a6b0   _rtdx_buffer_state
0001a6d0   _rtdx_mon_state
0000c2c0   _sin
00015480   _sin_table
0001bb8c   _swiEcho
000174f0   _tccAllocTable
0000dd40   _wait500nS
ffffffff   binit
00017740   cinit
00000000   edata
0001b618   end
0000fbe0   etext
00000000   hwi0
00000020   hwi1
00000140   hwi10
00000160   hwi11
00000180   hwi12
000001a0   hwi13
000001c0   hwi14
000001e0   hwi15
00000040   hwi2
00000060   hwi3
00000080   hwi4
000000a0   hwi5
000000c0   hwi6
000000e0   hwi7
00000100   hwi8
00000120   hwi9
0001bd04   pinit
0001bb8c   swiEcho
00000001   swiEcho$dorta
00000000   swiEcho$ord
00000001   swiEcho$pri
0001bc54   swiEcho$sts
0001b2c3   swiEcho$sts$avgfmt
00000002   swiEcho$sts$filter
00000001   swiEcho$sts$filtmaxmult
00000001   swiEcho$sts$filtsummult
0001b2b3   swiEcho$sts$maxfmt
0001bc50   swiEcho$sts$stsobj
0001b2bb   swiEcho$sts$sumfmt
00000000   swiEcho$sts$unittype
00000000   swiEcho$swi


GLOBAL SYMBOLS: SORTED BY Symbol Address 

address    name
--------   ----
00000000   .data
00000000   BUF$
00000000   CLK_COUNTSPMSHIGH
00000000   CLK_PRDHIGH
00000000   CLK_TDDR
00000000   CLK_TDDRHIGH
00000000   CLK_TIMERNUM
00000000   DEV$
00000000   DGN$
00000000   DHL$
00000000   DHL_gChannelsAvailable
00000000   DIO_NUMSWIBASE
00000000   DIO_NUMTSKBASE
00000000   DIO_STATIC
00000000   DPI$
00000000   GBL_BIGENDIAN
00000000   GBL_C641XL2PRIORITY
00000000   GBL_CACHE
00000000   GBL_L2CONFIGALLOC
00000000   GBL_L2MARMASK1
00000000   GBL_L2MARMASK2
00000000   GBL_L2MARMASK3
00000000   GBL_L2MARMASK4
00000000   GBL_L2MARMASK5
00000000   GBL_L2PRIORITY
00000000   GBL_NULL
00000000   GBL_PROCID
00000000   GBL_ROM
00000000   GBL_SUPPORTCSL
00000000   GIO$
00000000   HOOK$
00000000   HOOK_KNLID
00000000   HST_DSM
00000000   HST_NONE
00000000   HWI_A_VECS
00000000   HWI_GENERATE_RESET_VEC
00000000   HWI_INT10$hwi
00000000   HWI_INT11$hwi
00000000   HWI_INT12$hwi
00000000   HWI_INT13$hwi
00000000   HWI_INT14$hwi
00000000   HWI_INT15$hwi
00000000   HWI_INT4$hwi
00000000   HWI_INT5$hwi
00000000   HWI_INT6$hwi
00000000   HWI_INT7$hwi
00000000   HWI_INT8$hwi
00000000   HWI_INT9$hwi
00000000   HWI_NMI$hwi
00000000   HWI_POLARITYMASK
00000000   HWI_RESERVED0$hwi
00000000   HWI_RESERVED1$hwi
00000000   HWI_RESET
00000000   HWI_RESET$hwi
00000000   IDL_busyObj$iB
00000000   IDL_busyObj$operation
00000000   KNL_swi$ord
00000000   KNL_swi$pri
00000000   KNL_swi$sts$unittype
00000000   KNL_swi$swi
00000000   LOG_system$datatype
00000000   LOG_system$log
00000000   MBX$
00000000   MEM_NULL
00000000   MEM_USEMPC
00000000   MSGQ$
00000000   MSGQ_USEMSGQ
00000000   OBJ$
00000000   PIP$
00000000   PIP_gNextId
00000000   POOL$
00000000   POOL_USEPOOL
00000000   PRD_A_TABBEG
00000000   PRD_A_TABEND
00000000   PRD_A_TABLEN
00000000   PRD_SWIHANDLE
00000000   RTA_fromHost$hst
00000000   RTA_fromHost$mode
00000000   RTA_toHost$hst
00000000   RTA_toHost$id
00000000   RTDX_MODE
00000000   RTDX_USERTEXECUTION
00000000   SEM$
00000000   SIO$
00000000   SWI_EHOOKFXN
00000000   SWI_IHOOKFXN
00000000   TSK_NUM_HOOKS
00000000   TSK_READYFXN
00000000   TSK_SWITCHFXN
00000000   TSK_idle$ord
00000000   TSK_idle$pri
00000000   TSK_idle$sts$unittype
00000000   TSK_idle$tsk
00000000   _CLK_TDDR
00000000   _CLK_TIMERNUM
00000000   _GBL_CACHE
00000000   _HWI_RESET
00000000   _RTDX_interrupt_mask
00000000   ___data__
00000000   ___edata__
00000000   edata
00000000   hwi0
00000000   swiEcho$ord
00000000   swiEcho$sts$unittype
00000000   swiEcho$swi
00000001   BUF_ENABLED
00000001   CLK$
00000001   CLK_CALDIV
00000001   CLK_HTIMEDIV
00000001   CLK_LTIMEDIV
00000001   CLK_USETIMER
00000001   DIO$
00000001   GBL$
00000001   GBL_CALLCSLCFGINIT
00000001   GBL_ENABLEINST
00000001   GBL_L2CONFIGURE
00000001   GBL_L2MARMASK
00000001   GBL_USERINIT
00000001   GBL_boot
00000001   HST$
00000001   HST_RTDX
00000001   HWI$
00000001   HWI_NMI
00000001   HWI_ZEROTAB
00000001   IDL$
00000001   IDL_USECLKIDLTIME
00000001   IDL_busyObj$filter
00000001   IDL_busyObj$iA
00000001   IDL_busyObj$iC
00000001   ISRC$
00000001   KNL_swi$dorta
00000001   KNL_swi$sts$filtmaxmult
00000001   KNL_swi$sts$filtsummult
00000001   LCK$
00000001   LOG$
00000001   LOG_A_TABLEN
00000001   LOG_ENABLED
00000001   MEM$
00000001   PRD$
00000001   QUE$
00000001   RTA_fromHost$id
00000001   RTA_toHost$mode
00000001   RTDX$
00000001   RTDX_NORMALIZED_HDR
00000001   RTDX_USERTDX
00000001   STS$
00000001   SWI$
00000001   SYS$
00000001   TSK$
00000001   TSK_PRIORITY
00000001   TSK_idle$sts$filtmaxmult
00000001   TSK_idle$sts$filtsummult
00000001   UDEV$
00000001   _CLK_USETIMER
00000001   _HWI_NMI
00000001   _LOG_A_TABLEN
00000001   swiEcho$dorta
00000001   swiEcho$pri
00000001   swiEcho$sts$filtmaxmult
00000001   swiEcho$sts$filtsummult
00000002   HWI_RESERVED0
00000002   IDL_busyObj$unittype
00000002   KNL_swi$sts$filter
00000002   MEM_gNumHeap
00000002   PIP_A_TABLEN
00000002   PIP_gNumEmbed
00000002   SWI_A_TABLEN
00000002   TSK_idle$sts$filter
00000002   _HWI_RESERVED0
00000002   _RTDX_JTAGONLY
00000002   swiEcho$sts$filter
00000003   HWI_RESERVED1
00000003   _HWI_RESERVED1
00000004   CLK_CALMULT
00000004   CLK_HTIMEMULT
00000004   HWI_INT4
00000004   RTA_fromHost$framesize
00000004   _HWI_INT4
00000005   HWI_INT5
00000005   _HWI_INT5
00000006   HWI_INT6
00000006   IDL_CALIBRERROR
00000006   _HWI_INT6
00000007   GBL_L2MODE
00000007   HWI_INT7
00000007   _HWI_INT7
00000008   HWI_INT8
00000008   _HWI_INT8
00000009   HWI_INT9
00000009   _HWI_INT9
0000000a   HWI_INT10
0000000a   _HWI_INT10
0000000b   HWI_INT11
0000000b   _HWI_INT11
0000000c   HWI_INT12
0000000c   _HWI_INT12
0000000d   HWI_INT13
0000000d   _HWI_INT13
0000000e   HWI_INT14
0000000e   _HWI_INT14
0000000f   HWI_INT15
0000000f   _HWI_INT15
00000020   CLK_TCR
00000020   hwi1
0000003e   GBL_DSPTYPE
00000040   HST_MAXFRAMESET
00000040   LOG_system$size
00000040   RTA_toHost$framesize
00000040   hwi2
00000042   GBL_FOOTPRINT
00000060   hwi3
00000064   PIP_OBJSIZE
00000080   hwi4
000000a0   hwi5
000000c0   hwi6
000000e0   hwi7
000000ff   HST_MAXFRAMEALLOWED
00000100   hwi8
00000120   hwi9
00000140   hwi10
00000160   hwi11
00000180   hwi12
000001a0   hwi13
000001c0   hwi14
000001e0   hwi15
00000200   IRAM$B
00000200   _IRAM_base
000003e8   CLK_MICROSECS
00000400   HST_DSMMEMSIZE
00000400   TSK_STACKSIZE
00000400   __STACK_SIZE
00000408   RTDX_BUFMEMSIZE
00001770   GBL_CLKTYPE
00001a39   GBL_DSPSUBTYPE
00002226   GBL_L2ALLOC
00004000   CLK_INTBIT
00004000   PRD_SCALAR
00004008   HWI_CFGDISPATCHED
00004008   _HWI_CFGDISPATCHED
00004e20   GBL_CLKIN
00005205   GBL_A_VERSION
00008000   IRAM$L
00008000   _IRAM_length
00008200   .text
00008200   ___text__
00009d40   _flash_error
00009dec   _init
0000a140   _io
0000a580   _main
0000a5c0   __divd
0000ace0   _pll_init
0000afec   _pll
0000b40c   _DSK6713_init
0000b728   _DSK6713_rget
0000b73c   _DSK6713_rset
0000b750   _DSK6713_wait
0000b7a8   _DSK6713_waitusec
0000b7d4   _DSK6713_getVersion
0000bb6c   _DSK6713_EDMA_AIC23_init
0000bc20   _cos
0000bf80   __divf
0000c2c0   _sin
0000c8c0   _CACHE_flush
0000cb60   _EDMA_open
0000cde0   _dsp_init
0000cf04   _dsp_process
0000d040   _memcpy
0000d280   _AIC23_setParams
0000d4c0   _DIO_cbReclaim
0000d544   _DIO_cbReady
0000d564   _DIO_cbCallback
0000d5e0   _DIO_cbIssue
0000d6b0   _DIO_cbIdle
0000d6c0   _IRQ_map
0000d880   _EDMA_allocTable
0000da20   _MCBSP_reset
0000dbba   CLK_COUNTSPMS
0000dbba   CLK_HTIMEPERLTIME
0000dbba   CLK_PRD
0000dbba   _CLK_COUNTSPMS
0000dbba   _CLK_PRD
0000dbc0   _CACHE_clean
0000dbef   GBL_TRCMASKVALUE
0000dd40   _wait500nS
0000dd68   GBL_USERINITFXN
0000dd68   _GBL_setPLLto225MHz
0000dec0   _call_dtors
0000e020   _EDMA_reset
0000e160   __frcmpyd_div
0000e2a0   __c6xabi_strasgi
0000e2a0   __strasgi
0000e3e0   _EDMA_allocTableEx
0000e500   _memset
0000e620   _C6X1X_EDMA_MCBSP_init
0000e740   _SIN_init
0000e860   _EDMA_intAlloc
0000e960   _MCBSP_open
0000ea60   _MCBSP_start
0000eb60   _EDMA_config
0000ec40   _EDMA_intDispatcher
0000ed20   __strasg
0000ee00   _atexit
0000eee0   _modf
0000efc0   _EDMA_freeTableEx
0000f080   __nround
0000f200   _EDMA_close
0000f2a0   _MCBSP_close
0000f340   _MCBSP_config
0000f3e0   __mpyll
0000f520   _EDMA_freeTable
0000f5a0   _EDMA_disableChannel
0000f600   _EDMA_enableChannel
0000f660   _EDMA_intDisable
0000f6c0   _EDMA_intEnable
0000f720   _EDMA_intHook
0000f780   _EDMA_qdmaConfig
0000f7e0   __llshru
0000f840   _floor
0000f8a0   _DIO_ctrl
0000f900   _EDMA_intFree
0000f940   _EDMA_link
0000f980   _IRQ_enable
0000f9c0   ___add_dtor
0000fa00   __trunc
0000fa40   _EDMA_intClear
0000fa60   _EDMA_intDefaultHandler
0000fa80   _IRQ_globalDisable
0000faa0   _IRQ_globalRestore
0000fac0   _MCBSP_getRcvAddr
0000fae0   _MCBSP_getXmtAddr
0000fb00   _MCBSP_write
0000fb20   _MCBSP_xempty
0000fb40   _MCBSP_xrdy
0000fb60   __nop
0000fb80   __register_lock
0000fba0   __register_unlock
0000fbc0   __IRQ_hookFetchPacket
0000fbe0   LNK_F_checkBufferCall
0000fbe0   ___etext__
0000fbe0   etext
0000fc00   LNK_F_getChanPtr
0000fc58   LNK_F_init
0000fc60   LNK_F_dataPump
0000fc74   LNK_rcloop
0000fd40   LNK_rdrtry
0000fd50   LNK_rrloop
0000fe14   LNK_wrrtry
0000fe24   LNK_wrloop
0000ff00   LNK_newin
00010040   LNK_newout
000101a4   LNK_F_readCallBack
00010614   __GBL_setL2CacheMode
000107c0   SWI_F_enable
000107c0   __SWI_lat3beg
0001082c   __SWI_lat3end
00010830   SWI_F_post
00010830   _SWI_post
0001096c   __SWI_lat1beg
000109dc   SWI_EXECFXN
000109dc   SWI_F_exec
00010a08   SWI_F_iexec
00010a20   __SWI_lat1end
00010a24   __SWI_lat2beg
00010a94   __SWI_lat2end
00010a98   SWI_F_run
00010a98   SWI_RUNFXN
00010d00   CLK_HOOKFXN
00010d00   HWI_F_dispatch
00010d00   _HWI_F_dispatch
00010d00   __HWI_lat1beg
00010e80   __HWI_lat1end
00010e80   __HWI_lat2beg
00010fac   __HWI_lat2end2
00010fdc   __HWI_lat3end2
00011020   __HWI_lat2end1
00011040   __HWI_lat3beg
00011140   __HWI_lat3end1
00011160   _SIO_create
000115c0   PRD_F_swi
00011880   PRD_F_tick
00011960   _SIO_delete
00011c40   _KNL_run
00011f00   RTA_F_getlog
00011f44   RTA_F_getsts
00011f8c   RTA_F_readblk
00011fac   RTA_F_writeword
00011fb8   RTA_F_resetmem
00011fb8   __RTA_lat1beg
00011ff0   __RTA_lat1end
00011ff8   RTA_F_dispatch
00012048   RTA_execute
000121c0   _SEM_pendEnterKnl
00012480   _MEM_alloc
00012700   _MEM_free
00012bc0   PRD_THOOKFXN
00012bc0   _KNL_tick
00012be0   PIP_F_take
00012c74   PIP_F_give
00012c74   PIP_F_probe
00012d48   PIP_F_start
00012e20   __SEM_dopost
00013040   _TSK_setup
00013240   _KNL_saveIsrFrame
0001330c   _KNL_switch
000133c0   KNL_glue
00013400   CLK_F_getltime
00013414   CLK_F_isr
00013574   CLK_F_itime
00013574   _CLK_F_itime
00013574   _CLK_itime
00013590   __CLK_lat1beg
000135bc   __CLK_lat1end
000135c0   _TSK_exit
00013760   __auto_init
000139a0   _TSK_startup
00013a60   _KNL_check
00013ab0   __KNL_lat1beg
00013b38   _KNL_idle
00013b38   __KNL_lat1end
00013b5c   _KNL_max
00013ba0   _C62_plug
00013bac   _C62_dispatchPlug
00013cc0   _DEV_match
00013dc0   _DEV_mkframe
00013ec0   _SIO_issue
00013fc0   _SIO_reclaim
000140c0   _GBL_cslCacheInit
000141a0   _KNL_exit
000141f4   _KNL_enter
00014280   _SEM_postEnterKnl
00014360   _SEM_post
00014360   _SEM_postBinary
00014440   _CLK_measure
00014520   _KNL_ipost
000145e0   _KNL_post
000146a0   _LCK_post
000146d0   _LCK_pend
00014760   _OBJ_create
00014820   _SYS_exit
000148e0   CLK_F_getfhtime
00014900   CLK_F_gethtime
00014900   CLK_F_getshtime
00014900   CLK_TIMEFXN
000149a0   _MEM_valloc
00014a40   _ATM_andi
00014a40   _ATM_andu
00014a60   _ATM_cleari
00014a60   _ATM_clearu
00014a78   _ATM_deci
00014a78   _ATM_decu
00014a94   _ATM_inci
00014a94   _ATM_incu
00014ab0   _ATM_ori
00014ab0   _ATM_oru
00014acc   _ATM_seti
00014acc   _ATM_setu
00014ae0   _HWI_dispatchPlug
00014b80   _DEV_rmframe
00014c00   FXN_F_nop
00014c08   FXN_F_run
00014c08   _FXN_F_run
00014c58   FXN_F_zero
00014c58   _FXN_F_zero
00014c80   IDL_F_busy
00014c80   __IDL_lat1beg
00014cd0   __IDL_lat1end
00014d00   LOG_F_event
00014d00   _LOG_event
00014d00   __LOG_lat1beg
00014d80   STS_F_delta
00014d80   _STS_delta
00014db8   STS_F_add
00014db8   _STS_add
00014de4   STS_F_reset
00014de4   _STS_reset
00014e00   _SWI_andn
00014e00   _SWI_andnHook
00014e80   IDL_F_calibrate
00014f00   _SYS_error
00014f60   _HWI_disable
00014f78   _HWI_enable
00014f8c   _HWI_restore
00014fc0   _OBJ_delete
00015020   _QUE_create
00015080   _QUE_get
00015080   __QUE_lat1beg
000150a0   __QUE_lat1end
000150a8   _QUE_put
000150a8   __QUE_lat2beg
000150c0   __QUE_lat2end
000150e0   _SEM_pend
00015140   _SYS_abort
000151a0   SYS_PUTCFXN
000151a0   _UTL_doPutc
00015200   _CLK_start
00015260   IDL_CALIBRFXN
00015260   IDL_F_stub
000152a0   RTA_F_andn
000152c0   RTA_F_or
000152e0   SYS_ABORTFXN
000152e0   _UTL_doAbort
00015320   _CLK_stop
00015360   GIO_CREATEFXN
00015360   GIO_DELETEFXN
00015360   GIO_PENDFXN
00015360   GIO_POSTFXN
00015360   TSK_VCREATEFXN
00015360   TSK_VDELETEFXN
00015360   TSK_VEXITFXN
00015360   _FXN_F_nop
00015380   _GBL_getVersion
000153a0   IDL_F_loop
000153a0   _IDL_loop
000153c0   _IOM_mdNotImpl
000153e0   _LOG_printf
00015400   _STS_set
00015420   _SYS_zero
0001542c   _SYS_one
00015440   SYS_ERRORFXN
00015440   _UTL_doError
00015460   SYS_EXITFXN
00015460   _UTL_halt
00015480   _sin_table
00015c80   _cos_table
00016480   _aic23param
00016cbc   _rc1_taps
00017038   _C6X1X_EDMA_MCBSP_FXNS
0001705a   _DSK6713_version
0001705c   ___atexit_func_id__
0001720c   __IRQ_eventTable
00017290   __IRQ_intTable
000172d0   __IRQ_dispatchTable
000172d8   _KNL_queues
00017378   _KNL_dummy
000173b8   _DSK6713_EDMA_AIC23_DEVPARAMS
000173f4   _DSK6713_EDMA_AIC23_FXNS
0001742c   _TSK_ATTRS
00017448   _TSK_config
00017468   _TSK_timerSem
00017488   _OBJ_table
000174c0   _OBJ_segtab
000174f0   _tccAllocTable
00017530   __TSK_mutex
00017558   __MEM_mutex
00017670   __MCBSP_hDev0
00017674   __MCBSP_hDev1
00017678   _SYS_exitStack
000176b8   _DIO_cbDynamicFxns
000176d4   _SIO_ATTRS
00017700   _HWI_ATTRS
00017718   __cleanup_ptr
0001771c   __dtors_ptr
00017720   ___TI_enable_exit_profile_output
00017724   __lock
00017728   __unlock
0001772c   _DEV_D_devinit
00017730   _QUE_ATTRS
00017738   _dtors
00017740   ___cinit__
00017740   cinit
00018d24   LOG_A_TABBEG
00018d24   LOG_system
00018d24   _LOG_A_TABBEG
00018d24   _LOG_system
00018d3c   LOG_A_TABEND
00018d3c   _LOG_A_TABEND
00018d40   _RTDX_Poll
00019140   _RTDX_Buffer_WriteCB
00019780   _RTDX_Mon_Queue
000199a0   _RTDX_Init_RT_Monitor
00019a20   _RTDX_Buffer_Initialize
00019a80   _RTDX_Buffer_ReadCB
00019ae0   _RTDX_Buffer_Size
00019b20   _RTDX_Final_RT_Monitor
00019b60   _RTDX_Buffer_Read
00019b80   _RTDX_Buffer_Write
00019bc0   _RTDX_Mask_IER
00019be0   BIOS_init
00019be0   _BIOS_init
00019d5c   BIOS$$CLKON
00019d9c   BIOS$$CLKOFF
00019e1c   BIOS_start
00019e1c   _BIOS_start
00019ee0   _DEV_init
0001a040   _MEM_init
0001a120   _c_int00
0001a1e0   _TSK_init
0001a260   _OBJ_init
0001a280   _DIO_init
0001a2a0   _RTDX_Buffer
0001a6a8   _RTDX_Buffer_Start
0001a6ac   _RTDX_Buffer_End
0001a6b0   _rtdx_buffer_state
0001a6bc   _RTDX_writing
0001a6d0   _rtdx_mon_state
0001a6f0   TSK_idle$stack
0001aa88   TSK_idle$stkptr
0001aaf0   GBL_stackbeg
0001aaf0   _HWI_STKTOP
0001aaf0   __stack
0001aee8   _HWI_STKBOTTOM
0001aeef   GBL_stackend
0001aef0   __STACK_END
0001b299   KNL_swi$sts$maxfmt
0001b29c   $bss
0001b29c   .bss
0001b29c   _HWI_dispatchTab
0001b29c   ___bss__
0001b2a1   KNL_swi$sts$sumfmt
0001b2a9   KNL_swi$sts$avgfmt
0001b2b3   swiEcho$sts$maxfmt
0001b2bb   swiEcho$sts$sumfmt
0001b2c3   swiEcho$sts$avgfmt
0001b2cd   TSK_idle$sts$maxfmt
0001b2d5   TSK_idle$sts$sumfmt
0001b2dd   TSK_idle$sts$avgfmt
0001b2e7   IDL_busyObj$maxfmt
0001b2ea   IDL_busyObj$sumfmt
0001b2ed   IDL_busyObj$avgfmt
0001b39c   IDL_D_tabbeg
0001b3a0   IDL_D_calibrate
0001b3a4   IDL_D_calbeg
0001b3a8   LOG_D_system
0001b3a8   _LOG_D_system
0001b3ac   PIP_D_tabbeg
0001b3b0   PIP_D_tablen
0001b3b4   CLK_R_time
0001b3b8   CLK_D_timefxn
0001b3bc   CLK_D_tabbeg
0001b3c0   CLK_D_isrhook
0001b3c4   CLK_D_idletime
0001b3c8   _CLK_htimeDiv
0001b3cc   _CLK_htimeMult
0001b3d0   _CLK_ltimeDiv
0001b3d4   _CLK_ltimeMult
0001b3d8   _CLK_D_dirty
0001b3dc   _CLK_D_prd
0001b3e0   _CLK_D_tddr
0001b3e4   _CLK_D_countspms
0001b3e8   PRD_D_tick
0001b3e8   _PRD_D_tick
0001b3ec   PRD_D_cur
0001b3f0   PRD_D_elapsed
0001b3f4   PRD_D_prevtim
0001b3f8   PRD_D_scalar
0001b3fc   PRD_D_swihandle
0001b400   PRD_D_tabbeg
0001b404   PRD_D_tablen
0001b408   PRD_D_thook
0001b40c   RTA_D_fromHost
0001b410   RTA_D_toHost
0001b414   RTA_D_logval
0001b424   RTA_D_stsval
0001b430   HST_D_chanmask
0001b434   HST_D_tabbeg
0001b438   HST_D_tabend
0001b43c   _GBL_procId
0001b440   _GBL_clkIn
0001b444   _GBL_freq
0001b448   _MEM_D_NUMSEGMENTS
0001b44c   _MEM_D_memtab
0001b450   _MEM_D_freelist
0001b454   _MEM_D_lockaddr
0001b458   _MEM_D_unlockaddr
0001b45c   _SYS
0001b460   __HOOK_knlId
0001b464   __HOOK_NUMHOOKS
0001b468   SWI_D_runaddr
0001b468   _SWI_D_runaddr
0001b468   _SWI_data
0001b46c   SWI_D_execaddr
0001b46c   _SWI_D_execaddr
0001b470   SWI_D_curmask
0001b470   _SWI_D_curmask
0001b474   SWI_D_curset
0001b474   _SWI_D_curset
0001b478   SWI_D_lock
0001b478   _SWI_D_lock
0001b47c   SWI_D_curmbox
0001b480   SWI_D_curfxn
0001b480   _SWI_D_curfxn
0001b484   SWI_D_rdybeg
0001b484   _SWI_D_rdybeg
0001b488   SWI_D_inswi
0001b488   _SWI_D_inswi
0001b48c   SWI_D_rdytab
0001b504   _KNL_wFlag
0001b508   _KNL_wList
0001b50c   _KNL_alarm
0001b510   _KNL_setpri
0001b514   _KNL_inactive
0001b518   _KNL_priority
0001b51c   _KNL_set
0001b520   _KNL_curtask
0001b524   _KNL_prevtask
0001b528   _KNL_curtime
0001b52c   _KNL_swiptr
0001b530   _KNL_curqueue
0001b534   _KNL_maxqueue
0001b538   _KNL_tswitchfxn
0001b53c   _KNL_tcreatefxn
0001b540   _KNL_tdeletefxn
0001b544   _KNL_treadyfxn
0001b548   _KNL_idlefxn
0001b54c   _MEM_memtab
0001b564   HST_DSMBUFSEG
0001b564   IRAM
0001b564   MEM_MALLOCSEG
0001b564   MEM_SEGZERO
0001b564   RTDX_DATAMEMSEG
0001b564   TSK_STACKSEG
0001b564   _IRAM
0001b568   SDRAM
0001b568   _SDRAM
0001b56c   RTA_fromHost$pipe$dtab
0001b578   RTA_toHost$pipe$dtab
0001b584   _DEV_devinit
0001b58c   __DEV_NUMINITFXNS
0001b590   HWI_D_spsave
0001b590   _HWI_D_spsave
0001b590   _HWI_data
0001b59c   _HWI_D_inhwi
0001b5a0   HWI_D_bss
0001b5a4   HWI_D_ccmask
0001b5a8   LNK_dspFrameRequestMask
0001b5a8   _LNK_dspFrameRequestMask
0001b5ac   LNK_dspFrameReadyMask
0001b5ac   _LNK_dspFrameReadyMask
0001b5b0   LNK_readPend
0001b5b0   _LNK_readPend
0001b5b4   LNK_readDone
0001b5b4   _LNK_readDone
0001b5b8   LNK_readFail
0001b5b8   _LNK_readFail
0001b5bc   LNK_writeFail
0001b5bc   _LNK_writeFail
0001b5c8   _rtdxNullChanCnt
0001b5cc   _rtdxNullFuncCnt
0001b5d0   _TSK_nTasks
0001b5d4   _TSK_pid
0001b5d8   _TSK
0001b5dc   _pll1
0001b5e0   _plld
0001b5e4   _pllh
0001b5e8   _inStream
0001b5ec   _outStream
0001b5f4   _CLK_DFLTMICROSECS
0001b5f8   _CLK_D_microseconds
0001b5fc   _SYS_exitStackPtr
0001b600   _SYS_exitStackTop
0001b604   _CLK_htimePerLtime
0001b608   __DEV_D_NUMINITFXNS
0001b610   IDL_D_busyObj
0001b614   _MEM
0001b618   _SYS_PUTCBEG
0001b618   ___end__
0001b618   end
0001b817   _SYS_PUTCEND
0001b818   PIP_A_TABBEG
0001b818   RTA_fromHost$pipe
0001b818   _PIP_A_TABBEG
0001b81c   RTA_fromHost$pipe$rd
0001b848   RTA_fromHost$pipe$aaa
0001b84c   RTA_fromHost$pipe$wr
0001b878   RTA_fromHost$pipe$bbb
0001b87c   RTA_toHost$pipe
0001b880   RTA_toHost$pipe$rd
0001b8ac   RTA_toHost$pipe$aaa
0001b8b0   RTA_toHost$pipe$wr
0001b8dc   RTA_toHost$pipe$bbb
0001b8e0   PIP_A_TABEND
0001b8e0   RTA_fromHost$buf
0001b8e0   _PIP_A_TABEND
0001b8f0   IDL_A_TABBEG
0001b8f0   LNK_dataPump
0001b8f0   _LNK_dataPump
0001b8f4   RTA_dispatcher
0001b8f4   _RTA_dispatcher
0001b8f8   IDL_cpuLoad
0001b8f8   _IDL_cpuLoad
0001b8fc   IDL_END
0001b900   LOG_system$buf
0001ba00   RTA_toHost$buf
0001bb0c   TSK_idle
0001bb0c   _TSK_idle
0001bb60   KNL_swi
0001bb60   SWI_A_TABBEG
0001bb60   _KNL_swi
0001bb8c   _swiEcho
0001bb8c   swiEcho
0001bbb8   SWI_A_TABEND
0001bbb8   UDEV_udevCodec$obj
0001bbc4   UDEV_udevCodec$device
0001bbdc   DIO_dioCodec$obj
0001bbe8   DIO_dioCodec$device
0001bc40   KNL_swi$sts$stsobj
0001bc40   STS_A_TABBEG
0001bc40   _STS_A_TABBEG
0001bc44   KNL_swi$sts
0001bc50   swiEcho$sts$stsobj
0001bc54   swiEcho$sts
0001bc60   TSK_idle$sts$stsobj
0001bc64   TSK_idle$sts
0001bc70   IDL_busyObj$stsobj
0001bc74   IDL_busyObj
0001bc74   _IDL_busyObj
0001bc80   HST_A_TABBEG
0001bc80   STS_A_TABEND
0001bc80   _HST_A_TABBEG
0001bc80   _STS_A_TABEND
0001bc84   RTA_fromHost
0001bc84   _RTA_fromHost
0001bc8c   RTA_fromHost$rtdx
0001bca0   RTA_toHost
0001bca0   _RTA_toHost
0001bca8   RTA_toHost$rtdx
0001bcbc   HST_A_TABEND
0001bcbc   _HST_A_TABEND
0001bce4   IDL_A_CALBEG
0001bce4   LNK_dataPump$
0001bce8   RTA_dispatcher$
0001bcec   IDL_cpuLoad$
0001bcf0   IDL_END$
0001bcf4   SYS$config
0001bd04   ___pinit__
0001bd04   pinit
0001bd10   TRC_cinit
0001bd14   TRC_R_mask
0001bd14   _TRC_R_mask
0001bd18   GBL_initdone
0001bd1c   CLK_A_TABBEG
0001bd1c   PRD_clock
0001bd1c   _PRD_clock
0001bd20   CLK_null
00036ee8   CLK_LTIMEMULT
00036ee8   GBL_FREQ
00800000   SDRAM$L
00800000   _SDRAM_length
01940000   CLK_REGS
01940000   _CLK_REGS
082039a3   HWI_INTRMULTHIGH
310718a4   HWI_INTRMULTLOW
80000000   SDRAM$B
80000000   _SDRAM_base
ffffffff   CACHE_L2
ffffffff   _CACHE_L2
ffffffff   ___TI_pprof_out_hndl
ffffffff   ___TI_prof_data_size
ffffffff   ___TI_prof_data_start
ffffffff   ___binit__
ffffffff   ___c_args__
ffffffff   binit

[852 symbols]
